   Compiling inim v0.1.0 (/home/vadim/inim)
    Finished `release` profile [optimized] target(s) in 15.18s
     Running `target/release/inim analyze --event tests/fixtures/internet2/INC0299001.json --manifest manifests/INC0299001.json --cache cache/ --out out/INC0299001/ --jobs 0`
→ Broker discovery: RIB files
  route-views2: caching RIB http://archive.routeviews.org/bgpdata/2026.07/RIBS/rib.20260714.0400.bz2
warning: size differ for http://archive.routeviews.org/bgpdata/2026.07/RIBS/rib.20260714.0400.bz2: expected 75497472, got 75352845 (continuing)
  route-views2: parsing RIB (origin filter: [225])...
  [route-views2 RIB] done: 381 parsed, 381 origin, 48 transit, 48 frozen streams, 12 prefixes, 4 peers (115.5s)
  route-views6: caching RIB http://archive.routeviews.org/route-views6/bgpdata/2026.07/RIBS/rib.20260714.0400.bz2
warning: size differ for http://archive.routeviews.org/route-views6/bgpdata/2026.07/RIBS/rib.20260714.0400.bz2: expected 26214400, got 25868097 (continuing)
  [route-views6 RIB] derived cache hit, skipping parse
  [route-views6 RIB] cached: 0 frozen streams, 0 prefixes, 0 peers (0.0s)
→ RIB preflight done: 48 frozen streams over 1 collectors
→ Broker discovery: UPDATE files
  route-views2: querying UPDATE files...
  route-views2: 22 UPDATE files selected
warning: size differ for http://archive.routeviews.org/bgpdata/2026.07/UPDATES/updates.20260714.0330.bz2: expected 823296, got 823161 (continuing)
warning: size differ for http://archive.routeviews.org/bgpdata/2026.07/UPDATES/updates.20260714.0345.bz2: expected 1572864, got 1554474 (continuing)
warning: size differ for http://archive.routeviews.org/bgpdata/2026.07/UPDATES/updates.20260714.0400.bz2: expected 903168, got 903300 (continuing)
warning: size differ for http://archive.routeviews.org/bgpdata/2026.07/UPDATES/updates.20260714.0415.bz2: expected 6920601, got 6908688 (continuing)
warning: size differ for http://archive.routeviews.org/bgpdata/2026.07/UPDATES/updates.20260714.0430.bz2: expected 1363148, got 1402794 (continuing)
warning: size differ for http://archive.routeviews.org/bgpdata/2026.07/UPDATES/updates.20260714.0445.bz2: expected 792576, got 792883 (continuing)
warning: size differ for http://archive.routeviews.org/bgpdata/2026.07/UPDATES/updates.20260714.0500.bz2: expected 1677721, got 1722237 (continuing)
warning: size differ for http://archive.routeviews.org/bgpdata/2026.07/UPDATES/updates.20260714.0515.bz2: expected 838656, got 838428 (continuing)
warning: size differ for http://archive.routeviews.org/bgpdata/2026.07/UPDATES/updates.20260714.0530.bz2: expected 1677721, got 1717581 (continuing)
warning: size differ for http://archive.routeviews.org/bgpdata/2026.07/UPDATES/updates.20260714.0545.bz2: expected 1048576, got 1064821 (continuing)
warning: size differ for http://archive.routeviews.org/bgpdata/2026.07/UPDATES/updates.20260714.0600.bz2: expected 1677721, got 1729523 (continuing)
warning: size differ for http://archive.routeviews.org/bgpdata/2026.07/UPDATES/updates.20260714.0615.bz2: expected 892928, got 893121 (continuing)
warning: size differ for http://archive.routeviews.org/bgpdata/2026.07/UPDATES/updates.20260714.0630.bz2: expected 1677721, got 1692326 (continuing)
warning: size differ for http://archive.routeviews.org/bgpdata/2026.07/UPDATES/updates.20260714.0645.bz2: expected 1048576, got 1091762 (continuing)
warning: size differ for http://archive.routeviews.org/bgpdata/2026.07/UPDATES/updates.20260714.0700.bz2: expected 1468006, got 1442576 (continuing)
warning: size differ for http://archive.routeviews.org/bgpdata/2026.07/UPDATES/updates.20260714.0715.bz2: expected 1782579, got 1806042 (continuing)
warning: size differ for http://archive.routeviews.org/bgpdata/2026.07/UPDATES/updates.20260714.0730.bz2: expected 1363148, got 1328594 (continuing)
warning: size differ for http://archive.routeviews.org/bgpdata/2026.07/UPDATES/updates.20260714.0745.bz2: expected 1782579, got 1830624 (continuing)
warning: size differ for http://archive.routeviews.org/bgpdata/2026.07/UPDATES/updates.20260714.0800.bz2: expected 959488, got 959724 (continuing)
warning: size differ for http://archive.routeviews.org/bgpdata/2026.07/UPDATES/updates.20260714.0815.bz2: expected 1992294, got 1972393 (continuing)
warning: size differ for http://archive.routeviews.org/bgpdata/2026.07/UPDATES/updates.20260714.0830.bz2: expected 1048576, got 1060835 (continuing)
warning: size differ for http://archive.routeviews.org/bgpdata/2026.07/UPDATES/updates.20260714.0845.bz2: expected 1782579, got 1745962 (continuing)
→ Combining 48 RIB + 300 UPDATE observations...
→ Reconstructing routes...
→ Tokenizing 214 state changes...
→ Detecting waves from 214 transitions...
→ Assessing...
→ Writing outputs to out/INC0299001/

── Stage timings ───────────────────────────
  broker+cache                        0.8s
  route-views2 RIB parse            115.5s
  UPDATE cache+parse                 25.6s
  reconstruction                      0.0s
  tokenize                            0.0s
  waves+motifs                        0.0s
  assess                              0.0s
  outputs                             0.0s
  TOTAL                             149.7s
