    Finished `release` profile [optimized] target(s) in 0.32s
     Running `target/release/inim analyze --event tests/fixtures/internet2/INC0302574.json --manifest manifests/INC0302574.json --cache cache/ --out out/INC0302574-fixed/`
→ Broker discovery: RIB files
  route-views2: caching RIB http://archive.routeviews.org/bgpdata/2026.07/RIBS/rib.20260730.0800.bz2
warning: size differ for http://archive.routeviews.org/bgpdata/2026.07/RIBS/rib.20260730.0800.bz2: expected 75497472, got 75241938 (continuing)
  route-views2: parsing RIB (origin filter: [3333])...
  [route-views2 RIB] done: 114 parsed, 114 origin, 18 transit, 18 frozen streams, 6 prefixes, 3 peers (111.3s)
  route-views6: caching RIB http://archive.routeviews.org/route-views6/bgpdata/2026.07/RIBS/rib.20260730.0800.bz2
warning: size differ for http://archive.routeviews.org/route-views6/bgpdata/2026.07/RIBS/rib.20260730.0800.bz2: expected 26214400, got 26040530 (continuing)
  route-views6: parsing RIB (origin filter: [3333])...
  [route-views6 RIB] done: 20 parsed, 20 origin, 1 transit, 1 frozen streams, 7 prefixes, 4 peers (38.9s)
→ RIB preflight done: 37 frozen streams over 2 collectors
→ Broker discovery: UPDATE files
  route-views2: querying UPDATE files...
  route-views2: 14 UPDATE files selected
warning: size differ for http://archive.routeviews.org/bgpdata/2026.07/UPDATES/updates.20260730.0730.bz2: expected 1468006, got 1443544 (continuing)
  [route-views2 updates 1/14] parsing http://archive.routeviews.org/bgpdata/2026.07/UPDATES/updates.20260730.0730.bz2...
  [route-views2 updates 1/14] done: 242036 parsed, 0 prefix, 0 coll+pref, 0 admitted (0 ann, 0 wd) (2.4s)
warning: size differ for http://archive.routeviews.org/bgpdata/2026.07/UPDATES/updates.20260730.0745.bz2: expected 1048576, got 1053820 (continuing)
  [route-views2 updates 2/14] parsing http://archive.routeviews.org/bgpdata/2026.07/UPDATES/updates.20260730.0745.bz2...
  [route-views2 updates 2/14] done: 162421 parsed, 0 prefix, 0 coll+pref, 0 admitted (0 ann, 0 wd) (2.0s)
warning: size differ for http://archive.routeviews.org/bgpdata/2026.07/UPDATES/updates.20260730.0800.bz2: expected 1468006, got 1508158 (continuing)
  [route-views2 updates 3/14] parsing http://archive.routeviews.org/bgpdata/2026.07/UPDATES/updates.20260730.0800.bz2...
  [route-views2 updates 3/14] done: 242795 parsed, 0 prefix, 0 coll+pref, 0 admitted (0 ann, 0 wd) (2.6s)
warning: size differ for http://archive.routeviews.org/bgpdata/2026.07/UPDATES/updates.20260730.0815.bz2: expected 1048576, got 1072412 (continuing)
  [route-views2 updates 4/14] parsing http://archive.routeviews.org/bgpdata/2026.07/UPDATES/updates.20260730.0815.bz2...
  [route-views2 updates 4/14] done: 158862 parsed, 0 prefix, 0 coll+pref, 0 admitted (0 ann, 0 wd) (2.1s)
warning: size differ for http://archive.routeviews.org/bgpdata/2026.07/UPDATES/updates.20260730.0830.bz2: expected 945152, got 945014 (continuing)
  [route-views2 updates 5/14] parsing http://archive.routeviews.org/bgpdata/2026.07/UPDATES/updates.20260730.0830.bz2...
  [route-views2 updates 5/14] done: 147289 parsed, 0 prefix, 0 coll+pref, 0 admitted (0 ann, 0 wd) (1.8s)
warning: size differ for http://archive.routeviews.org/bgpdata/2026.07/UPDATES/updates.20260730.0845.bz2: expected 1258291, got 1220939 (continuing)
  [route-views2 updates 6/14] parsing http://archive.routeviews.org/bgpdata/2026.07/UPDATES/updates.20260730.0845.bz2...
  [route-views2 updates 6/14] done: 196598 parsed, 0 prefix, 0 coll+pref, 0 admitted (0 ann, 0 wd) (2.1s)
warning: size differ for http://archive.routeviews.org/bgpdata/2026.07/UPDATES/updates.20260730.0900.bz2: expected 1048576, got 1086063 (continuing)
  [route-views2 updates 7/14] parsing http://archive.routeviews.org/bgpdata/2026.07/UPDATES/updates.20260730.0900.bz2...
  [route-views2 updates 7/14] done: 154388 parsed, 0 prefix, 0 coll+pref, 0 admitted (0 ann, 0 wd) (2.0s)
warning: size differ for http://archive.routeviews.org/bgpdata/2026.07/UPDATES/updates.20260730.0915.bz2: expected 1153433, got 1177210 (continuing)
  [route-views2 updates 8/14] parsing http://archive.routeviews.org/bgpdata/2026.07/UPDATES/updates.20260730.0915.bz2...
  [route-views2 updates 8/14] done: 194666 parsed, 0 prefix, 0 coll+pref, 0 admitted (0 ann, 0 wd) (2.2s)
warning: size differ for http://archive.routeviews.org/bgpdata/2026.07/UPDATES/updates.20260730.0930.bz2: expected 1153433, got 1112428 (continuing)
  [route-views2 updates 9/14] parsing http://archive.routeviews.org/bgpdata/2026.07/UPDATES/updates.20260730.0930.bz2...
  [route-views2 updates 9/14] done: 180577 parsed, 0 prefix, 0 coll+pref, 0 admitted (0 ann, 0 wd) (2.1s)
warning: size differ for http://archive.routeviews.org/bgpdata/2026.07/UPDATES/updates.20260730.0945.bz2: expected 1153433, got 1122997 (continuing)
  [route-views2 updates 10/14] parsing http://archive.routeviews.org/bgpdata/2026.07/UPDATES/updates.20260730.0945.bz2...
  [route-views2 updates 10/14] done: 208226 parsed, 0 prefix, 0 coll+pref, 0 admitted (0 ann, 0 wd) (2.3s)
warning: size differ for http://archive.routeviews.org/bgpdata/2026.07/UPDATES/updates.20260730.1000.bz2: expected 1363148, got 1388230 (continuing)
  [route-views2 updates 11/14] parsing http://archive.routeviews.org/bgpdata/2026.07/UPDATES/updates.20260730.1000.bz2...
  [route-views2 updates 11/14] done: 208633 parsed, 0 prefix, 0 coll+pref, 0 admitted (0 ann, 0 wd) (2.3s)
warning: size differ for http://archive.routeviews.org/bgpdata/2026.07/UPDATES/updates.20260730.1015.bz2: expected 1048576, got 1066916 (continuing)
  [route-views2 updates 12/14] parsing http://archive.routeviews.org/bgpdata/2026.07/UPDATES/updates.20260730.1015.bz2...
  [route-views2 updates 12/14] done: 155462 parsed, 0 prefix, 0 coll+pref, 0 admitted (0 ann, 0 wd) (1.9s)
warning: size differ for http://archive.routeviews.org/bgpdata/2026.07/UPDATES/updates.20260730.1030.bz2: expected 1258291, got 1299404 (continuing)
  [route-views2 updates 13/14] parsing http://archive.routeviews.org/bgpdata/2026.07/UPDATES/updates.20260730.1030.bz2...
  [route-views2 updates 13/14] done: 263331 parsed, 0 prefix, 0 coll+pref, 0 admitted (0 ann, 0 wd) (2.3s)
warning: size differ for http://archive.routeviews.org/bgpdata/2026.07/UPDATES/updates.20260730.1045.bz2: expected 1048576, got 1063137 (continuing)
  [route-views2 updates 14/14] parsing http://archive.routeviews.org/bgpdata/2026.07/UPDATES/updates.20260730.1045.bz2...
  [route-views2 updates 14/14] done: 179461 parsed, 0 prefix, 0 coll+pref, 0 admitted (0 ann, 0 wd) (2.1s)
  route-views6: querying UPDATE files...
  route-views6: 14 UPDATE files selected
warning: size differ for http://archive.routeviews.org/route-views6/bgpdata/2026.07/UPDATES/updates.20260730.0730.bz2: expected 1363148, got 1407773 (continuing)
  [route-views6 updates 1/14] parsing http://archive.routeviews.org/route-views6/bgpdata/2026.07/UPDATES/updates.20260730.0730.bz2...
  [route-views6 updates 1/14] done: 149686 parsed, 0 prefix, 0 coll+pref, 0 admitted (0 ann, 0 wd) (2.6s)
warning: size differ for http://archive.routeviews.org/route-views6/bgpdata/2026.07/UPDATES/updates.20260730.0745.bz2: expected 1363148, got 1402204 (continuing)
  [route-views6 updates 2/14] parsing http://archive.routeviews.org/route-views6/bgpdata/2026.07/UPDATES/updates.20260730.0745.bz2...
  [route-views6 updates 2/14] done: 155475 parsed, 0 prefix, 0 coll+pref, 0 admitted (0 ann, 0 wd) (2.6s)
warning: size differ for http://archive.routeviews.org/route-views6/bgpdata/2026.07/UPDATES/updates.20260730.0800.bz2: expected 1363148, got 1354460 (continuing)
  [route-views6 updates 3/14] parsing http://archive.routeviews.org/route-views6/bgpdata/2026.07/UPDATES/updates.20260730.0800.bz2...
  [route-views6 updates 3/14] done: 157558 parsed, 0 prefix, 0 coll+pref, 0 admitted (0 ann, 0 wd) (2.5s)
warning: size differ for http://archive.routeviews.org/route-views6/bgpdata/2026.07/UPDATES/updates.20260730.0815.bz2: expected 1258291, got 1301564 (continuing)
  [route-views6 updates 4/14] parsing http://archive.routeviews.org/route-views6/bgpdata/2026.07/UPDATES/updates.20260730.0815.bz2...
  [route-views6 updates 4/14] done: 159319 parsed, 0 prefix, 0 coll+pref, 0 admitted (0 ann, 0 wd) (2.5s)
warning: size differ for http://archive.routeviews.org/route-views6/bgpdata/2026.07/UPDATES/updates.20260730.0830.bz2: expected 1153433, got 1201679 (continuing)
  [route-views6 updates 5/14] parsing http://archive.routeviews.org/route-views6/bgpdata/2026.07/UPDATES/updates.20260730.0830.bz2...
  [route-views6 updates 5/14] done: 128977 parsed, 0 prefix, 0 coll+pref, 0 admitted (0 ann, 0 wd) (2.3s)
warning: size differ for http://archive.routeviews.org/route-views6/bgpdata/2026.07/UPDATES/updates.20260730.0845.bz2: expected 1363148, got 1415654 (continuing)
  [route-views6 updates 6/14] parsing http://archive.routeviews.org/route-views6/bgpdata/2026.07/UPDATES/updates.20260730.0845.bz2...
  [route-views6 updates 6/14] done: 164249 parsed, 0 prefix, 0 coll+pref, 0 admitted (0 ann, 0 wd) (2.7s)
warning: size differ for http://archive.routeviews.org/route-views6/bgpdata/2026.07/UPDATES/updates.20260730.0900.bz2: expected 1258291, got 1275789 (continuing)
  [route-views6 updates 7/14] parsing http://archive.routeviews.org/route-views6/bgpdata/2026.07/UPDATES/updates.20260730.0900.bz2...
  [route-views6 updates 7/14] done: 137833 parsed, 0 prefix, 0 coll+pref, 0 admitted (0 ann, 0 wd) (2.5s)
warning: size differ for http://archive.routeviews.org/route-views6/bgpdata/2026.07/UPDATES/updates.20260730.0915.bz2: expected 1258291, got 1249522 (continuing)
  [route-views6 updates 8/14] parsing http://archive.routeviews.org/route-views6/bgpdata/2026.07/UPDATES/updates.20260730.0915.bz2...
  [route-views6 updates 8/14] done: 137776 parsed, 0 prefix, 0 coll+pref, 0 admitted (0 ann, 0 wd) (2.4s)
warning: size differ for http://archive.routeviews.org/route-views6/bgpdata/2026.07/UPDATES/updates.20260730.0930.bz2: expected 1572864, got 1549301 (continuing)
  [route-views6 updates 9/14] parsing http://archive.routeviews.org/route-views6/bgpdata/2026.07/UPDATES/updates.20260730.0930.bz2...
  [route-views6 updates 9/14] done: 168771 parsed, 0 prefix, 0 coll+pref, 0 admitted (0 ann, 0 wd) (2.6s)
warning: size differ for http://archive.routeviews.org/route-views6/bgpdata/2026.07/UPDATES/updates.20260730.0945.bz2: expected 1258291, got 1255260 (continuing)
  [route-views6 updates 10/14] parsing http://archive.routeviews.org/route-views6/bgpdata/2026.07/UPDATES/updates.20260730.0945.bz2...
  [route-views6 updates 10/14] done: 149953 parsed, 0 prefix, 0 coll+pref, 0 admitted (0 ann, 0 wd) (2.5s)
warning: size differ for http://archive.routeviews.org/route-views6/bgpdata/2026.07/UPDATES/updates.20260730.1000.bz2: expected 1258291, got 1234989 (continuing)
  [route-views6 updates 11/14] parsing http://archive.routeviews.org/route-views6/bgpdata/2026.07/UPDATES/updates.20260730.1000.bz2...
  [route-views6 updates 11/14] done: 129626 parsed, 0 prefix, 0 coll+pref, 0 admitted (0 ann, 0 wd) (2.3s)
warning: size differ for http://archive.routeviews.org/route-views6/bgpdata/2026.07/UPDATES/updates.20260730.1015.bz2: expected 1153433, got 1170182 (continuing)
  [route-views6 updates 12/14] parsing http://archive.routeviews.org/route-views6/bgpdata/2026.07/UPDATES/updates.20260730.1015.bz2...
  [route-views6 updates 12/14] done: 125608 parsed, 0 prefix, 0 coll+pref, 0 admitted (0 ann, 0 wd) (2.3s)
warning: size differ for http://archive.routeviews.org/route-views6/bgpdata/2026.07/UPDATES/updates.20260730.1030.bz2: expected 1153433, got 1159681 (continuing)
  [route-views6 updates 13/14] parsing http://archive.routeviews.org/route-views6/bgpdata/2026.07/UPDATES/updates.20260730.1030.bz2...
  [route-views6 updates 13/14] done: 128925 parsed, 0 prefix, 0 coll+pref, 0 admitted (0 ann, 0 wd) (2.2s)
warning: size differ for http://archive.routeviews.org/route-views6/bgpdata/2026.07/UPDATES/updates.20260730.1045.bz2: expected 1782579, got 1749375 (continuing)
  [route-views6 updates 14/14] parsing http://archive.routeviews.org/route-views6/bgpdata/2026.07/UPDATES/updates.20260730.1045.bz2...
  [route-views6 updates 14/14] done: 204944 parsed, 0 prefix, 0 coll+pref, 0 admitted (0 ann, 0 wd) (2.9s)
→ Combining 19 RIB + 0 UPDATE observations...
→ Reconstructing routes...
→ Tokenizing 0 state changes...
→ Detecting waves from 0 transitions...
→ Assessing...
→ Writing outputs to out/INC0302574-fixed/

── Stage timings ───────────────────────────
  broker+cache                        0.8s
  route-views2 RIB parse            111.3s
  route-views6 RIB parse             38.9s
  UPDATE cache+parse                 66.0s
  reconstruction                      0.0s
  tokenize                            0.0s
  waves+motifs                        0.0s
  assess                              0.0s
  outputs                             0.0s
  TOTAL                             221.9s
