    Finished `release` profile [optimized] target(s) in 0.33s
     Running `target/release/inim analyze --event tests/fixtures/internet2/INC0302574.json --manifest manifests/INC0302574.json --cache cache/ --out out/INC0302574/`
→ Broker discovery: RIB files
  route-views2: caching RIB http://archive.routeviews.org/bgpdata/2026.07/RIBS/rib.20260730.0800.bz2
warning: size differ for http://archive.routeviews.org/bgpdata/2026.07/RIBS/rib.20260730.0800.bz2: expected 75497472, got 75241938 (continuing)
  route-views2: parsing RIB (origin filter: [3333])...
  [route-views2 RIB] done: 114 parsed, 114 origin, 18 transit, 18 frozen streams, 6 prefixes, 3 peers (109.6s)
  route-views6: caching RIB http://archive.routeviews.org/route-views6/bgpdata/2026.07/RIBS/rib.20260730.0800.bz2
warning: size differ for http://archive.routeviews.org/route-views6/bgpdata/2026.07/RIBS/rib.20260730.0800.bz2: expected 26214400, got 26040530 (continuing)
  route-views6: parsing RIB (origin filter: [3333])...
  [route-views6 RIB] done: 20 parsed, 20 origin, 1 transit, 1 frozen streams, 7 prefixes, 4 peers (38.2s)
→ RIB preflight done: 37 frozen streams over 2 collectors
→ Broker discovery: UPDATE files
  route-views6: querying UPDATE files...
  route-views6: 102 UPDATE files selected
warning: size differ for http://archive.routeviews.org/route-views6/bgpdata/2026.07/UPDATES/updates.20260729.0930.bz2: expected 1468006, got 1490877 (continuing)
  [route-views6 updates 1/102] parsing http://archive.routeviews.org/route-views6/bgpdata/2026.07/UPDATES/updates.20260729.0930.bz2...
  [route-views6 updates 1/102] done: 176079 parsed, 1 prefix, 1 coll+pref, 0 admitted (0 ann, 0 wd) (2.6s)
warning: size differ for http://archive.routeviews.org/route-views6/bgpdata/2026.07/UPDATES/updates.20260729.0945.bz2: expected 3040870, got 3024255 (continuing)
  [route-views6 updates 2/102] parsing http://archive.routeviews.org/route-views6/bgpdata/2026.07/UPDATES/updates.20260729.0945.bz2...
  [route-views6 updates 2/102] done: 376464 parsed, 0 prefix, 0 coll+pref, 0 admitted (0 ann, 0 wd) (4.2s)
warning: size differ for http://archive.routeviews.org/route-views6/bgpdata/2026.07/UPDATES/updates.20260729.1000.bz2: expected 1363148, got 1320708 (continuing)
  [route-views6 updates 3/102] parsing http://archive.routeviews.org/route-views6/bgpdata/2026.07/UPDATES/updates.20260729.1000.bz2...
  [route-views6 updates 3/102] done: 145538 parsed, 0 prefix, 0 coll+pref, 0 admitted (0 ann, 0 wd) (2.5s)
warning: size differ for http://archive.routeviews.org/route-views6/bgpdata/2026.07/UPDATES/updates.20260729.1015.bz2: expected 1153433, got 1141186 (continuing)
  [route-views6 updates 4/102] parsing http://archive.routeviews.org/route-views6/bgpdata/2026.07/UPDATES/updates.20260729.1015.bz2...
  [route-views6 updates 4/102] done: 120691 parsed, 0 prefix, 0 coll+pref, 0 admitted (0 ann, 0 wd) (2.1s)
warning: size differ for http://archive.routeviews.org/route-views6/bgpdata/2026.07/UPDATES/updates.20260729.1030.bz2: expected 1153433, got 1142906 (continuing)
  [route-views6 updates 5/102] parsing http://archive.routeviews.org/route-views6/bgpdata/2026.07/UPDATES/updates.20260729.1030.bz2...
  [route-views6 updates 5/102] done: 125764 parsed, 0 prefix, 0 coll+pref, 0 admitted (0 ann, 0 wd) (2.2s)
warning: size differ for http://archive.routeviews.org/route-views6/bgpdata/2026.07/UPDATES/updates.20260729.1045.bz2: expected 1153433, got 1138320 (continuing)
  [route-views6 updates 6/102] parsing http://archive.routeviews.org/route-views6/bgpdata/2026.07/UPDATES/updates.20260729.1045.bz2...
  [route-views6 updates 6/102] done: 130908 parsed, 0 prefix, 0 coll+pref, 0 admitted (0 ann, 0 wd) (2.3s)
warning: size differ for http://archive.routeviews.org/route-views6/bgpdata/2026.07/UPDATES/updates.20260729.1100.bz2: expected 1153433, got 1180470 (continuing)
  [route-views6 updates 7/102] parsing http://archive.routeviews.org/route-views6/bgpdata/2026.07/UPDATES/updates.20260729.1100.bz2...
  [route-views6 updates 7/102] done: 127787 parsed, 0 prefix, 0 coll+pref, 0 admitted (0 ann, 0 wd) (2.3s)
warning: size differ for http://archive.routeviews.org/route-views6/bgpdata/2026.07/UPDATES/updates.20260729.1115.bz2: expected 1153433, got 1113269 (continuing)
  [route-views6 updates 8/102] parsing http://archive.routeviews.org/route-views6/bgpdata/2026.07/UPDATES/updates.20260729.1115.bz2...
  [route-views6 updates 8/102] done: 117731 parsed, 0 prefix, 0 coll+pref, 0 admitted (0 ann, 0 wd) (2.2s)
warning: size differ for http://archive.routeviews.org/route-views6/bgpdata/2026.07/UPDATES/updates.20260729.1130.bz2: expected 1153433, got 1128653 (continuing)
  [route-views6 updates 9/102] parsing http://archive.routeviews.org/route-views6/bgpdata/2026.07/UPDATES/updates.20260729.1130.bz2...
  [route-views6 updates 9/102] done: 118276 parsed, 0 prefix, 0 coll+pref, 0 admitted (0 ann, 0 wd) (2.2s)
warning: size differ for http://archive.routeviews.org/route-views6/bgpdata/2026.07/UPDATES/updates.20260729.1145.bz2: expected 1153433, got 1182575 (continuing)
  [route-views6 updates 10/102] parsing http://archive.routeviews.org/route-views6/bgpdata/2026.07/UPDATES/updates.20260729.1145.bz2...
  [route-views6 updates 10/102] done: 126587 parsed, 0 prefix, 0 coll+pref, 0 admitted (0 ann, 0 wd) (2.5s)
warning: size differ for http://archive.routeviews.org/route-views6/bgpdata/2026.07/UPDATES/updates.20260729.1200.bz2: expected 1363148, got 1323983 (continuing)
  [route-views6 updates 11/102] parsing http://archive.routeviews.org/route-views6/bgpdata/2026.07/UPDATES/updates.20260729.1200.bz2...
  [route-views6 updates 11/102] done: 136324 parsed, 0 prefix, 0 coll+pref, 0 admitted (0 ann, 0 wd) (2.8s)
warning: size differ for http://archive.routeviews.org/route-views6/bgpdata/2026.07/UPDATES/updates.20260729.1215.bz2: expected 1153433, got 1176762 (continuing)
  [route-views6 updates 12/102] parsing http://archive.routeviews.org/route-views6/bgpdata/2026.07/UPDATES/updates.20260729.1215.bz2...
  [route-views6 updates 12/102] done: 131911 parsed, 0 prefix, 0 coll+pref, 0 admitted (0 ann, 0 wd) (2.7s)
warning: size differ for http://archive.routeviews.org/route-views6/bgpdata/2026.07/UPDATES/updates.20260729.1230.bz2: expected 1887436, got 1862367 (continuing)
  [route-views6 updates 13/102] parsing http://archive.routeviews.org/route-views6/bgpdata/2026.07/UPDATES/updates.20260729.1230.bz2...
  [route-views6 updates 13/102] done: 225247 parsed, 0 prefix, 0 coll+pref, 0 admitted (0 ann, 0 wd) (3.0s)
warning: size differ for http://archive.routeviews.org/route-views6/bgpdata/2026.07/UPDATES/updates.20260729.1245.bz2: expected 1677721, got 1708378 (continuing)
  [route-views6 updates 14/102] parsing http://archive.routeviews.org/route-views6/bgpdata/2026.07/UPDATES/updates.20260729.1245.bz2...
  [route-views6 updates 14/102] done: 206481 parsed, 0 prefix, 0 coll+pref, 0 admitted (0 ann, 0 wd) (3.3s)
warning: size differ for http://archive.routeviews.org/route-views6/bgpdata/2026.07/UPDATES/updates.20260729.1300.bz2: expected 1258291, got 1242478 (continuing)
  [route-views6 updates 15/102] parsing http://archive.routeviews.org/route-views6/bgpdata/2026.07/UPDATES/updates.20260729.1300.bz2...
  [route-views6 updates 15/102] done: 141079 parsed, 0 prefix, 0 coll+pref, 0 admitted (0 ann, 0 wd) (2.8s)
warning: size differ for http://archive.routeviews.org/route-views6/bgpdata/2026.07/UPDATES/updates.20260729.1315.bz2: expected 1258291, got 1257851 (continuing)
  [route-views6 updates 16/102] parsing http://archive.routeviews.org/route-views6/bgpdata/2026.07/UPDATES/updates.20260729.1315.bz2...
  [route-views6 updates 16/102] done: 152009 parsed, 0 prefix, 0 coll+pref, 0 admitted (0 ann, 0 wd) (2.5s)
warning: size differ for http://archive.routeviews.org/route-views6/bgpdata/2026.07/UPDATES/updates.20260729.1330.bz2: expected 1677721, got 1694910 (continuing)
  [route-views6 updates 17/102] parsing http://archive.routeviews.org/route-views6/bgpdata/2026.07/UPDATES/updates.20260729.1330.bz2...
  [route-views6 updates 17/102] done: 187515 parsed, 0 prefix, 0 coll+pref, 0 admitted (0 ann, 0 wd) (2.9s)
warning: size differ for http://archive.routeviews.org/route-views6/bgpdata/2026.07/UPDATES/updates.20260729.1345.bz2: expected 1363148, got 1347057 (continuing)
  [route-views6 updates 18/102] parsing http://archive.routeviews.org/route-views6/bgpdata/2026.07/UPDATES/updates.20260729.1345.bz2...
  [route-views6 updates 18/102] done: 149762 parsed, 0 prefix, 0 coll+pref, 0 admitted (0 ann, 0 wd) (2.3s)
warning: size differ for http://archive.routeviews.org/route-views6/bgpdata/2026.07/UPDATES/updates.20260729.1400.bz2: expected 1363148, got 1371348 (continuing)
  [route-views6 updates 19/102] parsing http://archive.routeviews.org/route-views6/bgpdata/2026.07/UPDATES/updates.20260729.1400.bz2...
  [route-views6 updates 19/102] done: 149393 parsed, 0 prefix, 0 coll+pref, 0 admitted (0 ann, 0 wd) (2.6s)
warning: size differ for http://archive.routeviews.org/route-views6/bgpdata/2026.07/UPDATES/updates.20260729.1415.bz2: expected 1572864, got 1578113 (continuing)
  [route-views6 updates 20/102] parsing http://archive.routeviews.org/route-views6/bgpdata/2026.07/UPDATES/updates.20260729.1415.bz2...
  [route-views6 updates 20/102] done: 175854 parsed, 0 prefix, 0 coll+pref, 0 admitted (0 ann, 0 wd) (2.6s)
warning: size differ for http://archive.routeviews.org/route-views6/bgpdata/2026.07/UPDATES/updates.20260729.1430.bz2: expected 1468006, got 1518429 (continuing)
  [route-views6 updates 21/102] parsing http://archive.routeviews.org/route-views6/bgpdata/2026.07/UPDATES/updates.20260729.1430.bz2...
  [route-views6 updates 21/102] done: 184353 parsed, 0 prefix, 0 coll+pref, 0 admitted (0 ann, 0 wd) (2.4s)
warning: size differ for http://archive.routeviews.org/route-views6/bgpdata/2026.07/UPDATES/updates.20260729.1445.bz2: expected 1363148, got 1412450 (continuing)
  [route-views6 updates 22/102] parsing http://archive.routeviews.org/route-views6/bgpdata/2026.07/UPDATES/updates.20260729.1445.bz2...
  [route-views6 updates 22/102] done: 159954 parsed, 0 prefix, 0 coll+pref, 0 admitted (0 ann, 0 wd) (2.4s)
warning: size differ for http://archive.routeviews.org/route-views6/bgpdata/2026.07/UPDATES/updates.20260729.1500.bz2: expected 1468006, got 1473848 (continuing)
  [route-views6 updates 23/102] parsing http://archive.routeviews.org/route-views6/bgpdata/2026.07/UPDATES/updates.20260729.1500.bz2...
  [route-views6 updates 23/102] done: 175323 parsed, 0 prefix, 0 coll+pref, 0 admitted (0 ann, 0 wd) (2.5s)
warning: size differ for http://archive.routeviews.org/route-views6/bgpdata/2026.07/UPDATES/updates.20260729.1515.bz2: expected 1572864, got 1558863 (continuing)
  [route-views6 updates 24/102] parsing http://archive.routeviews.org/route-views6/bgpdata/2026.07/UPDATES/updates.20260729.1515.bz2...
  [route-views6 updates 24/102] done: 178071 parsed, 0 prefix, 0 coll+pref, 0 admitted (0 ann, 0 wd) (2.9s)
warning: size differ for http://archive.routeviews.org/route-views6/bgpdata/2026.07/UPDATES/updates.20260729.1530.bz2: expected 2097152, got 2135697 (continuing)
  [route-views6 updates 25/102] parsing http://archive.routeviews.org/route-views6/bgpdata/2026.07/UPDATES/updates.20260729.1530.bz2...
  [route-views6 updates 25/102] done: 240780 parsed, 0 prefix, 0 coll+pref, 0 admitted (0 ann, 0 wd) (4.0s)
warning: size differ for http://archive.routeviews.org/route-views6/bgpdata/2026.07/UPDATES/updates.20260729.1545.bz2: expected 2831155, got 2863747 (continuing)
  [route-views6 updates 26/102] parsing http://archive.routeviews.org/route-views6/bgpdata/2026.07/UPDATES/updates.20260729.1545.bz2...
  [route-views6 updates 26/102] done: 391890 parsed, 1 prefix, 1 coll+pref, 0 admitted (0 ann, 0 wd) (4.1s)
warning: size differ for http://archive.routeviews.org/route-views6/bgpdata/2026.07/UPDATES/updates.20260729.1600.bz2: expected 1572864, got 1528012 (continuing)
  [route-views6 updates 27/102] parsing http://archive.routeviews.org/route-views6/bgpdata/2026.07/UPDATES/updates.20260729.1600.bz2...
  [route-views6 updates 27/102] done: 176447 parsed, 0 prefix, 0 coll+pref, 0 admitted (0 ann, 0 wd) (3.3s)
warning: size differ for http://archive.routeviews.org/route-views6/bgpdata/2026.07/UPDATES/updates.20260729.1615.bz2: expected 1363148, got 1356253 (continuing)
  [route-views6 updates 28/102] parsing http://archive.routeviews.org/route-views6/bgpdata/2026.07/UPDATES/updates.20260729.1615.bz2...
  [route-views6 updates 28/102] done: 158617 parsed, 0 prefix, 0 coll+pref, 0 admitted (0 ann, 0 wd) (2.7s)
warning: size differ for http://archive.routeviews.org/route-views6/bgpdata/2026.07/UPDATES/updates.20260729.1630.bz2: expected 1887436, got 1889801 (continuing)
  [route-views6 updates 29/102] parsing http://archive.routeviews.org/route-views6/bgpdata/2026.07/UPDATES/updates.20260729.1630.bz2...
  [route-views6 updates 29/102] done: 217810 parsed, 0 prefix, 0 coll+pref, 0 admitted (0 ann, 0 wd) (2.8s)
warning: size differ for http://archive.routeviews.org/route-views6/bgpdata/2026.07/UPDATES/updates.20260729.1645.bz2: expected 1363148, got 1344546 (continuing)
  [route-views6 updates 30/102] parsing http://archive.routeviews.org/route-views6/bgpdata/2026.07/UPDATES/updates.20260729.1645.bz2...
  [route-views6 updates 30/102] done: 149309 parsed, 0 prefix, 0 coll+pref, 0 admitted (0 ann, 0 wd) (2.3s)
warning: size differ for http://archive.routeviews.org/route-views6/bgpdata/2026.07/UPDATES/updates.20260729.1700.bz2: expected 1363148, got 1375267 (continuing)
  [route-views6 updates 31/102] parsing http://archive.routeviews.org/route-views6/bgpdata/2026.07/UPDATES/updates.20260729.1700.bz2...
  [route-views6 updates 31/102] done: 148029 parsed, 0 prefix, 0 coll+pref, 0 admitted (0 ann, 0 wd) (2.3s)
warning: size differ for http://archive.routeviews.org/route-views6/bgpdata/2026.07/UPDATES/updates.20260729.1715.bz2: expected 1363148, got 1342552 (continuing)
  [route-views6 updates 32/102] parsing http://archive.routeviews.org/route-views6/bgpdata/2026.07/UPDATES/updates.20260729.1715.bz2...
  [route-views6 updates 32/102] done: 147561 parsed, 0 prefix, 0 coll+pref, 0 admitted (0 ann, 0 wd) (2.4s)
warning: size differ for http://archive.routeviews.org/route-views6/bgpdata/2026.07/UPDATES/updates.20260729.1730.bz2: expected 1782579, got 1761765 (continuing)
  [route-views6 updates 33/102] parsing http://archive.routeviews.org/route-views6/bgpdata/2026.07/UPDATES/updates.20260729.1730.bz2...
  [route-views6 updates 33/102] done: 196191 parsed, 0 prefix, 0 coll+pref, 0 admitted (0 ann, 0 wd) (2.9s)
warning: size differ for http://archive.routeviews.org/route-views6/bgpdata/2026.07/UPDATES/updates.20260729.1745.bz2: expected 1468006, got 1458630 (continuing)
  [route-views6 updates 34/102] parsing http://archive.routeviews.org/route-views6/bgpdata/2026.07/UPDATES/updates.20260729.1745.bz2...
  [route-views6 updates 34/102] done: 166112 parsed, 0 prefix, 0 coll+pref, 0 admitted (0 ann, 0 wd) (5.9s)
warning: size differ for http://archive.routeviews.org/route-views6/bgpdata/2026.07/UPDATES/updates.20260729.1800.bz2: expected 1363148, got 1385351 (continuing)
  [route-views6 updates 35/102] parsing http://archive.routeviews.org/route-views6/bgpdata/2026.07/UPDATES/updates.20260729.1800.bz2...
  [route-views6 updates 35/102] done: 150804 parsed, 0 prefix, 0 coll+pref, 0 admitted (0 ann, 0 wd) (2.3s)
warning: size differ for http://archive.routeviews.org/route-views6/bgpdata/2026.07/UPDATES/updates.20260729.1815.bz2: expected 1258291, got 1249909 (continuing)
  [route-views6 updates 36/102] parsing http://archive.routeviews.org/route-views6/bgpdata/2026.07/UPDATES/updates.20260729.1815.bz2...
  [route-views6 updates 36/102] done: 136961 parsed, 0 prefix, 0 coll+pref, 0 admitted (0 ann, 0 wd) (2.3s)
warning: size differ for http://archive.routeviews.org/route-views6/bgpdata/2026.07/UPDATES/updates.20260729.1830.bz2: expected 1363148, got 1388424 (continuing)
  [route-views6 updates 37/102] parsing http://archive.routeviews.org/route-views6/bgpdata/2026.07/UPDATES/updates.20260729.1830.bz2...
  [route-views6 updates 37/102] done: 168209 parsed, 0 prefix, 0 coll+pref, 0 admitted (0 ann, 0 wd) (2.3s)
warning: size differ for http://archive.routeviews.org/route-views6/bgpdata/2026.07/UPDATES/updates.20260729.1845.bz2: expected 1153433, got 1150776 (continuing)
  [route-views6 updates 38/102] parsing http://archive.routeviews.org/route-views6/bgpdata/2026.07/UPDATES/updates.20260729.1845.bz2...
  [route-views6 updates 38/102] done: 123020 parsed, 0 prefix, 0 coll+pref, 0 admitted (0 ann, 0 wd) (2.2s)
warning: size differ for http://archive.routeviews.org/route-views6/bgpdata/2026.07/UPDATES/updates.20260729.1900.bz2: expected 1363148, got 1324689 (continuing)
  [route-views6 updates 39/102] parsing http://archive.routeviews.org/route-views6/bgpdata/2026.07/UPDATES/updates.20260729.1900.bz2...
  [route-views6 updates 39/102] done: 158359 parsed, 0 prefix, 0 coll+pref, 0 admitted (0 ann, 0 wd) (2.9s)
warning: size differ for http://archive.routeviews.org/route-views6/bgpdata/2026.07/UPDATES/updates.20260729.1915.bz2: expected 1363148, got 1328374 (continuing)
  [route-views6 updates 40/102] parsing http://archive.routeviews.org/route-views6/bgpdata/2026.07/UPDATES/updates.20260729.1915.bz2...
  [route-views6 updates 40/102] done: 145583 parsed, 0 prefix, 0 coll+pref, 0 admitted (0 ann, 0 wd) (2.4s)
warning: size differ for http://archive.routeviews.org/route-views6/bgpdata/2026.07/UPDATES/updates.20260729.1930.bz2: expected 1153433, got 1162133 (continuing)
  [route-views6 updates 41/102] parsing http://archive.routeviews.org/route-views6/bgpdata/2026.07/UPDATES/updates.20260729.1930.bz2...
  [route-views6 updates 41/102] done: 128784 parsed, 0 prefix, 0 coll+pref, 0 admitted (0 ann, 0 wd) (2.4s)
warning: size differ for http://archive.routeviews.org/route-views6/bgpdata/2026.07/UPDATES/updates.20260729.1945.bz2: expected 1153433, got 1130294 (continuing)
  [route-views6 updates 42/102] parsing http://archive.routeviews.org/route-views6/bgpdata/2026.07/UPDATES/updates.20260729.1945.bz2...
  [route-views6 updates 42/102] done: 120379 parsed, 0 prefix, 0 coll+pref, 0 admitted (0 ann, 0 wd) (2.1s)
warning: size differ for http://archive.routeviews.org/route-views6/bgpdata/2026.07/UPDATES/updates.20260729.2000.bz2: expected 1153433, got 1190778 (continuing)
  [route-views6 updates 43/102] parsing http://archive.routeviews.org/route-views6/bgpdata/2026.07/UPDATES/updates.20260729.2000.bz2...
  [route-views6 updates 43/102] done: 124027 parsed, 0 prefix, 0 coll+pref, 0 admitted (0 ann, 0 wd) (2.3s)
warning: size differ for http://archive.routeviews.org/route-views6/bgpdata/2026.07/UPDATES/updates.20260729.2015.bz2: expected 1468006, got 1467066 (continuing)
  [route-views6 updates 44/102] parsing http://archive.routeviews.org/route-views6/bgpdata/2026.07/UPDATES/updates.20260729.2015.bz2...
  [route-views6 updates 44/102] done: 165647 parsed, 0 prefix, 0 coll+pref, 0 admitted (0 ann, 0 wd) (2.7s)
warning: size differ for http://archive.routeviews.org/route-views6/bgpdata/2026.07/UPDATES/updates.20260729.2030.bz2: expected 1468006, got 1484834 (continuing)
  [route-views6 updates 45/102] parsing http://archive.routeviews.org/route-views6/bgpdata/2026.07/UPDATES/updates.20260729.2030.bz2...
  [route-views6 updates 45/102] done: 178688 parsed, 0 prefix, 0 coll+pref, 0 admitted (0 ann, 0 wd) (2.6s)
warning: size differ for http://archive.routeviews.org/route-views6/bgpdata/2026.07/UPDATES/updates.20260729.2045.bz2: expected 1363148, got 1411990 (continuing)
  [route-views6 updates 46/102] parsing http://archive.routeviews.org/route-views6/bgpdata/2026.07/UPDATES/updates.20260729.2045.bz2...
  [route-views6 updates 46/102] done: 159859 parsed, 0 prefix, 0 coll+pref, 0 admitted (0 ann, 0 wd) (2.5s)
warning: size differ for http://archive.routeviews.org/route-views6/bgpdata/2026.07/UPDATES/updates.20260729.2100.bz2: expected 1468006, got 1430951 (continuing)
  [route-views6 updates 47/102] parsing http://archive.routeviews.org/route-views6/bgpdata/2026.07/UPDATES/updates.20260729.2100.bz2...
  [route-views6 updates 47/102] done: 152839 parsed, 0 prefix, 0 coll+pref, 0 admitted (0 ann, 0 wd) (2.5s)
warning: size differ for http://archive.routeviews.org/route-views6/bgpdata/2026.07/UPDATES/updates.20260729.2115.bz2: expected 1153433, got 1177293 (continuing)
  [route-views6 updates 48/102] parsing http://archive.routeviews.org/route-views6/bgpdata/2026.07/UPDATES/updates.20260729.2115.bz2...
  [route-views6 updates 48/102] done: 125198 parsed, 0 prefix, 0 coll+pref, 0 admitted (0 ann, 0 wd) (2.2s)
warning: size differ for http://archive.routeviews.org/route-views6/bgpdata/2026.07/UPDATES/updates.20260729.2130.bz2: expected 1363148, got 1366286 (continuing)
  [route-views6 updates 49/102] parsing http://archive.routeviews.org/route-views6/bgpdata/2026.07/UPDATES/updates.20260729.2130.bz2...
  [route-views6 updates 49/102] done: 146007 parsed, 0 prefix, 0 coll+pref, 0 admitted (0 ann, 0 wd) (2.3s)
warning: size differ for http://archive.routeviews.org/route-views6/bgpdata/2026.07/UPDATES/updates.20260729.2145.bz2: expected 1363148, got 1397482 (continuing)
  [route-views6 updates 50/102] parsing http://archive.routeviews.org/route-views6/bgpdata/2026.07/UPDATES/updates.20260729.2145.bz2...
  [route-views6 updates 50/102] done: 168038 parsed, 0 prefix, 0 coll+pref, 0 admitted (0 ann, 0 wd) (2.5s)
warning: size differ for http://archive.routeviews.org/route-views6/bgpdata/2026.07/UPDATES/updates.20260729.2200.bz2: expected 1992294, got 1971215 (continuing)
  [route-views6 updates 51/102] parsing http://archive.routeviews.org/route-views6/bgpdata/2026.07/UPDATES/updates.20260729.2200.bz2...
  [route-views6 updates 51/102] done: 236351 parsed, 0 prefix, 0 coll+pref, 0 admitted (0 ann, 0 wd) (3.1s)
warning: size differ for http://archive.routeviews.org/route-views6/bgpdata/2026.07/UPDATES/updates.20260729.2215.bz2: expected 1363148, got 1326624 (continuing)
  [route-views6 updates 52/102] parsing http://archive.routeviews.org/route-views6/bgpdata/2026.07/UPDATES/updates.20260729.2215.bz2...
  [route-views6 updates 52/102] done: 145329 parsed, 0 prefix, 0 coll+pref, 0 admitted (0 ann, 0 wd) (2.3s)
warning: size differ for http://archive.routeviews.org/route-views6/bgpdata/2026.07/UPDATES/updates.20260729.2230.bz2: expected 1363148, got 1367375 (continuing)
  [route-views6 updates 53/102] parsing http://archive.routeviews.org/route-views6/bgpdata/2026.07/UPDATES/updates.20260729.2230.bz2...
  [route-views6 updates 53/102] done: 185212 parsed, 0 prefix, 0 coll+pref, 0 admitted (0 ann, 0 wd) (2.8s)
warning: size differ for http://archive.routeviews.org/route-views6/bgpdata/2026.07/UPDATES/updates.20260729.2245.bz2: expected 1468006, got 1460302 (continuing)
  [route-views6 updates 54/102] parsing http://archive.routeviews.org/route-views6/bgpdata/2026.07/UPDATES/updates.20260729.2245.bz2...
  [route-views6 updates 54/102] done: 190511 parsed, 0 prefix, 0 coll+pref, 0 admitted (0 ann, 0 wd) (2.6s)
warning: size differ for http://archive.routeviews.org/route-views6/bgpdata/2026.07/UPDATES/updates.20260729.2300.bz2: expected 1677721, got 1701940 (continuing)
  [route-views6 updates 55/102] parsing http://archive.routeviews.org/route-views6/bgpdata/2026.07/UPDATES/updates.20260729.2300.bz2...
  [route-views6 updates 55/102] done: 183816 parsed, 0 prefix, 0 coll+pref, 0 admitted (0 ann, 0 wd) (2.6s)
warning: size differ for http://archive.routeviews.org/route-views6/bgpdata/2026.07/UPDATES/updates.20260729.2315.bz2: expected 1153433, got 1174968 (continuing)
  [route-views6 updates 56/102] parsing http://archive.routeviews.org/route-views6/bgpdata/2026.07/UPDATES/updates.20260729.2315.bz2...
  [route-views6 updates 56/102] done: 125371 parsed, 0 prefix, 0 coll+pref, 0 admitted (0 ann, 0 wd) (2.2s)
warning: size differ for http://archive.routeviews.org/route-views6/bgpdata/2026.07/UPDATES/updates.20260729.2330.bz2: expected 1363148, got 1382012 (continuing)
  [route-views6 updates 57/102] parsing http://archive.routeviews.org/route-views6/bgpdata/2026.07/UPDATES/updates.20260729.2330.bz2...
  [route-views6 updates 57/102] done: 162172 parsed, 0 prefix, 0 coll+pref, 0 admitted (0 ann, 0 wd) (2.4s)
warning: size differ for http://archive.routeviews.org/route-views6/bgpdata/2026.07/UPDATES/updates.20260729.2345.bz2: expected 1363148, got 1362639 (continuing)
  [route-views6 updates 58/102] parsing http://archive.routeviews.org/route-views6/bgpdata/2026.07/UPDATES/updates.20260729.2345.bz2...
  [route-views6 updates 58/102] done: 180750 parsed, 0 prefix, 0 coll+pref, 0 admitted (0 ann, 0 wd) (2.8s)
warning: size differ for http://archive.routeviews.org/route-views6/bgpdata/2026.07/UPDATES/updates.20260730.0000.bz2: expected 1153433, got 1124725 (continuing)
  [route-views6 updates 59/102] parsing http://archive.routeviews.org/route-views6/bgpdata/2026.07/UPDATES/updates.20260730.0000.bz2...
  [route-views6 updates 59/102] done: 129715 parsed, 0 prefix, 0 coll+pref, 0 admitted (0 ann, 0 wd) (2.2s)
warning: size differ for http://archive.routeviews.org/route-views6/bgpdata/2026.07/UPDATES/updates.20260730.0015.bz2: expected 1153433, got 1130596 (continuing)
  [route-views6 updates 60/102] parsing http://archive.routeviews.org/route-views6/bgpdata/2026.07/UPDATES/updates.20260730.0015.bz2...
  [route-views6 updates 60/102] done: 132233 parsed, 0 prefix, 0 coll+pref, 0 admitted (0 ann, 0 wd) (2.2s)
warning: size differ for http://archive.routeviews.org/route-views6/bgpdata/2026.07/UPDATES/updates.20260730.0030.bz2: expected 1468006, got 1489130 (continuing)
  [route-views6 updates 61/102] parsing http://archive.routeviews.org/route-views6/bgpdata/2026.07/UPDATES/updates.20260730.0030.bz2...
  [route-views6 updates 61/102] done: 198202 parsed, 0 prefix, 0 coll+pref, 0 admitted (0 ann, 0 wd) (2.8s)
warning: size differ for http://archive.routeviews.org/route-views6/bgpdata/2026.07/UPDATES/updates.20260730.0045.bz2: expected 1153433, got 1114579 (continuing)
  [route-views6 updates 62/102] parsing http://archive.routeviews.org/route-views6/bgpdata/2026.07/UPDATES/updates.20260730.0045.bz2...
  [route-views6 updates 62/102] done: 117800 parsed, 0 prefix, 0 coll+pref, 0 admitted (0 ann, 0 wd) (2.2s)
warning: size differ for http://archive.routeviews.org/route-views6/bgpdata/2026.07/UPDATES/updates.20260730.0100.bz2: expected 1048576, got 1060330 (continuing)
  [route-views6 updates 63/102] parsing http://archive.routeviews.org/route-views6/bgpdata/2026.07/UPDATES/updates.20260730.0100.bz2...
  [route-views6 updates 63/102] done: 118442 parsed, 0 prefix, 0 coll+pref, 0 admitted (0 ann, 0 wd) (2.0s)
warning: size differ for http://archive.routeviews.org/route-views6/bgpdata/2026.07/UPDATES/updates.20260730.0115.bz2: expected 1153433, got 1102217 (continuing)
  [route-views6 updates 64/102] parsing http://archive.routeviews.org/route-views6/bgpdata/2026.07/UPDATES/updates.20260730.0115.bz2...
  [route-views6 updates 64/102] done: 122671 parsed, 0 prefix, 0 coll+pref, 0 admitted (0 ann, 0 wd) (2.0s)
warning: size differ for http://archive.routeviews.org/route-views6/bgpdata/2026.07/UPDATES/updates.20260730.0130.bz2: expected 1048576, got 1094859 (continuing)
  [route-views6 updates 65/102] parsing http://archive.routeviews.org/route-views6/bgpdata/2026.07/UPDATES/updates.20260730.0130.bz2...
  [route-views6 updates 65/102] done: 113703 parsed, 0 prefix, 0 coll+pref, 0 admitted (0 ann, 0 wd) (2.4s)
warning: size differ for http://archive.routeviews.org/route-views6/bgpdata/2026.07/UPDATES/updates.20260730.0145.bz2: expected 1153433, got 1181914 (continuing)
  [route-views6 updates 66/102] parsing http://archive.routeviews.org/route-views6/bgpdata/2026.07/UPDATES/updates.20260730.0145.bz2...
  [route-views6 updates 66/102] done: 130339 parsed, 0 prefix, 0 coll+pref, 0 admitted (0 ann, 0 wd) (2.2s)
warning: size differ for http://archive.routeviews.org/route-views6/bgpdata/2026.07/UPDATES/updates.20260730.0200.bz2: expected 1258291, got 1230102 (continuing)
  [route-views6 updates 67/102] parsing http://archive.routeviews.org/route-views6/bgpdata/2026.07/UPDATES/updates.20260730.0200.bz2...
  [route-views6 updates 67/102] done: 133937 parsed, 0 prefix, 0 coll+pref, 0 admitted (0 ann, 0 wd) (2.3s)
warning: size differ for http://archive.routeviews.org/route-views6/bgpdata/2026.07/UPDATES/updates.20260730.0215.bz2: expected 1258291, got 1261246 (continuing)
  [route-views6 updates 68/102] parsing http://archive.routeviews.org/route-views6/bgpdata/2026.07/UPDATES/updates.20260730.0215.bz2...
  [route-views6 updates 68/102] done: 153989 parsed, 0 prefix, 0 coll+pref, 0 admitted (0 ann, 0 wd) (2.3s)
warning: size differ for http://archive.routeviews.org/route-views6/bgpdata/2026.07/UPDATES/updates.20260730.0230.bz2: expected 1468006, got 1485510 (continuing)
  [route-views6 updates 69/102] parsing http://archive.routeviews.org/route-views6/bgpdata/2026.07/UPDATES/updates.20260730.0230.bz2...
  [route-views6 updates 69/102] done: 161869 parsed, 0 prefix, 0 coll+pref, 0 admitted (0 ann, 0 wd) (2.6s)
warning: size differ for http://archive.routeviews.org/route-views6/bgpdata/2026.07/UPDATES/updates.20260730.0245.bz2: expected 1153433, got 1112791 (continuing)
  [route-views6 updates 70/102] parsing http://archive.routeviews.org/route-views6/bgpdata/2026.07/UPDATES/updates.20260730.0245.bz2...
  [route-views6 updates 70/102] done: 124047 parsed, 0 prefix, 0 coll+pref, 0 admitted (0 ann, 0 wd) (2.1s)
warning: size differ for http://archive.routeviews.org/route-views6/bgpdata/2026.07/UPDATES/updates.20260730.0300.bz2: expected 1258291, got 1265790 (continuing)
  [route-views6 updates 71/102] parsing http://archive.routeviews.org/route-views6/bgpdata/2026.07/UPDATES/updates.20260730.0300.bz2...
  [route-views6 updates 71/102] done: 148072 parsed, 0 prefix, 0 coll+pref, 0 admitted (0 ann, 0 wd) (2.6s)
warning: size differ for http://archive.routeviews.org/route-views6/bgpdata/2026.07/UPDATES/updates.20260730.0315.bz2: expected 1048576, got 1059475 (continuing)
  [route-views6 updates 72/102] parsing http://archive.routeviews.org/route-views6/bgpdata/2026.07/UPDATES/updates.20260730.0315.bz2...
  [route-views6 updates 72/102] done: 111934 parsed, 0 prefix, 0 coll+pref, 0 admitted (0 ann, 0 wd) (2.6s)
warning: size differ for http://archive.routeviews.org/route-views6/bgpdata/2026.07/UPDATES/updates.20260730.0330.bz2: expected 1572864, got 1549477 (continuing)
  [route-views6 updates 73/102] parsing http://archive.routeviews.org/route-views6/bgpdata/2026.07/UPDATES/updates.20260730.0330.bz2...
  [route-views6 updates 73/102] done: 167368 parsed, 0 prefix, 0 coll+pref, 0 admitted (0 ann, 0 wd) (3.1s)
warning: size differ for http://archive.routeviews.org/route-views6/bgpdata/2026.07/UPDATES/updates.20260730.0345.bz2: expected 1153433, got 1204226 (continuing)
  [route-views6 updates 74/102] parsing http://archive.routeviews.org/route-views6/bgpdata/2026.07/UPDATES/updates.20260730.0345.bz2...
  [route-views6 updates 74/102] done: 155787 parsed, 0 prefix, 0 coll+pref, 0 admitted (0 ann, 0 wd) (2.5s)
warning: size differ for http://archive.routeviews.org/route-views6/bgpdata/2026.07/UPDATES/updates.20260730.0400.bz2: expected 1048576, got 1100597 (continuing)
  [route-views6 updates 75/102] parsing http://archive.routeviews.org/route-views6/bgpdata/2026.07/UPDATES/updates.20260730.0400.bz2...
  [route-views6 updates 75/102] done: 114467 parsed, 0 prefix, 0 coll+pref, 0 admitted (0 ann, 0 wd) (2.3s)
warning: size differ for http://archive.routeviews.org/route-views6/bgpdata/2026.07/UPDATES/updates.20260730.0415.bz2: expected 2726297, got 2714325 (continuing)
  [route-views6 updates 76/102] parsing http://archive.routeviews.org/route-views6/bgpdata/2026.07/UPDATES/updates.20260730.0415.bz2...
  [route-views6 updates 76/102] done: 370446 parsed, 1 prefix, 1 coll+pref, 0 admitted (0 ann, 0 wd) (4.2s)
warning: size differ for http://archive.routeviews.org/route-views6/bgpdata/2026.07/UPDATES/updates.20260730.0430.bz2: expected 1153433, got 1188099 (continuing)
  [route-views6 updates 77/102] parsing http://archive.routeviews.org/route-views6/bgpdata/2026.07/UPDATES/updates.20260730.0430.bz2...
  [route-views6 updates 77/102] done: 132662 parsed, 0 prefix, 0 coll+pref, 0 admitted (0 ann, 0 wd) (2.6s)
warning: size differ for http://archive.routeviews.org/route-views6/bgpdata/2026.07/UPDATES/updates.20260730.0445.bz2: expected 1363148, got 1313915 (continuing)
  [route-views6 updates 78/102] parsing http://archive.routeviews.org/route-views6/bgpdata/2026.07/UPDATES/updates.20260730.0445.bz2...
  [route-views6 updates 78/102] done: 138686 parsed, 0 prefix, 0 coll+pref, 0 admitted (0 ann, 0 wd) (2.8s)
warning: size differ for http://archive.routeviews.org/route-views6/bgpdata/2026.07/UPDATES/updates.20260730.0500.bz2: expected 1258291, got 1303066 (continuing)
  [route-views6 updates 79/102] parsing http://archive.routeviews.org/route-views6/bgpdata/2026.07/UPDATES/updates.20260730.0500.bz2...
  [route-views6 updates 79/102] done: 146701 parsed, 0 prefix, 0 coll+pref, 0 admitted (0 ann, 0 wd) (2.5s)
warning: size differ for http://archive.routeviews.org/route-views6/bgpdata/2026.07/UPDATES/updates.20260730.0515.bz2: expected 1572864, got 1599374 (continuing)
  [route-views6 updates 80/102] parsing http://archive.routeviews.org/route-views6/bgpdata/2026.07/UPDATES/updates.20260730.0515.bz2...
  [route-views6 updates 80/102] done: 180282 parsed, 0 prefix, 0 coll+pref, 0 admitted (0 ann, 0 wd) (2.5s)
warning: size differ for http://archive.routeviews.org/route-views6/bgpdata/2026.07/UPDATES/updates.20260730.0530.bz2: expected 1363148, got 1362136 (continuing)
  [route-views6 updates 81/102] parsing http://archive.routeviews.org/route-views6/bgpdata/2026.07/UPDATES/updates.20260730.0530.bz2...
  [route-views6 updates 81/102] done: 139115 parsed, 0 prefix, 0 coll+pref, 0 admitted (0 ann, 0 wd) (2.5s)
warning: size differ for http://archive.routeviews.org/route-views6/bgpdata/2026.07/UPDATES/updates.20260730.0545.bz2: expected 1363148, got 1331306 (continuing)
  [route-views6 updates 82/102] parsing http://archive.routeviews.org/route-views6/bgpdata/2026.07/UPDATES/updates.20260730.0545.bz2...
  [route-views6 updates 82/102] done: 137967 parsed, 0 prefix, 0 coll+pref, 0 admitted (0 ann, 0 wd) (2.7s)
warning: size differ for http://archive.routeviews.org/route-views6/bgpdata/2026.07/UPDATES/updates.20260730.0600.bz2: expected 2936012, got 2935358 (continuing)
  [route-views6 updates 83/102] parsing http://archive.routeviews.org/route-views6/bgpdata/2026.07/UPDATES/updates.20260730.0600.bz2...
  [route-views6 updates 83/102] done: 389954 parsed, 1 prefix, 1 coll+pref, 0 admitted (0 ann, 0 wd) (4.5s)
warning: size differ for http://archive.routeviews.org/route-views6/bgpdata/2026.07/UPDATES/updates.20260730.0615.bz2: expected 1572864, got 1544662 (continuing)
  [route-views6 updates 84/102] parsing http://archive.routeviews.org/route-views6/bgpdata/2026.07/UPDATES/updates.20260730.0615.bz2...
  [route-views6 updates 84/102] done: 183658 parsed, 0 prefix, 0 coll+pref, 0 admitted (0 ann, 0 wd) (3.1s)
warning: size differ for http://archive.routeviews.org/route-views6/bgpdata/2026.07/UPDATES/updates.20260730.0630.bz2: expected 1363148, got 1407806 (continuing)
  [route-views6 updates 85/102] parsing http://archive.routeviews.org/route-views6/bgpdata/2026.07/UPDATES/updates.20260730.0630.bz2...
  [route-views6 updates 85/102] done: 167805 parsed, 0 prefix, 0 coll+pref, 0 admitted (0 ann, 0 wd) (2.7s)
warning: size differ for http://archive.routeviews.org/route-views6/bgpdata/2026.07/UPDATES/updates.20260730.0645.bz2: expected 1258291, got 1271782 (continuing)
  [route-views6 updates 86/102] parsing http://archive.routeviews.org/route-views6/bgpdata/2026.07/UPDATES/updates.20260730.0645.bz2...
  [route-views6 updates 86/102] done: 141454 parsed, 0 prefix, 0 coll+pref, 0 admitted (0 ann, 0 wd) (2.6s)
warning: size differ for http://archive.routeviews.org/route-views6/bgpdata/2026.07/UPDATES/updates.20260730.0700.bz2: expected 1468006, got 1446585 (continuing)
  [route-views6 updates 87/102] parsing http://archive.routeviews.org/route-views6/bgpdata/2026.07/UPDATES/updates.20260730.0700.bz2...
  [route-views6 updates 87/102] done: 175241 parsed, 0 prefix, 0 coll+pref, 0 admitted (0 ann, 0 wd) (2.7s)
warning: size differ for http://archive.routeviews.org/route-views6/bgpdata/2026.07/UPDATES/updates.20260730.0715.bz2: expected 1258291, got 1254585 (continuing)
  [route-views6 updates 88/102] parsing http://archive.routeviews.org/route-views6/bgpdata/2026.07/UPDATES/updates.20260730.0715.bz2...
  [route-views6 updates 88/102] done: 143763 parsed, 0 prefix, 0 coll+pref, 0 admitted (0 ann, 0 wd) (2.4s)
warning: size differ for http://archive.routeviews.org/route-views6/bgpdata/2026.07/UPDATES/updates.20260730.0730.bz2: expected 1363148, got 1407773 (continuing)
  [route-views6 updates 89/102] parsing http://archive.routeviews.org/route-views6/bgpdata/2026.07/UPDATES/updates.20260730.0730.bz2...
  [route-views6 updates 89/102] done: 149686 parsed, 0 prefix, 0 coll+pref, 0 admitted (0 ann, 0 wd) (2.7s)
warning: size differ for http://archive.routeviews.org/route-views6/bgpdata/2026.07/UPDATES/updates.20260730.0745.bz2: expected 1363148, got 1402204 (continuing)
  [route-views6 updates 90/102] parsing http://archive.routeviews.org/route-views6/bgpdata/2026.07/UPDATES/updates.20260730.0745.bz2...
  [route-views6 updates 90/102] done: 155475 parsed, 0 prefix, 0 coll+pref, 0 admitted (0 ann, 0 wd) (2.6s)
warning: size differ for http://archive.routeviews.org/route-views6/bgpdata/2026.07/UPDATES/updates.20260730.0800.bz2: expected 1363148, got 1354460 (continuing)
  [route-views6 updates 91/102] parsing http://archive.routeviews.org/route-views6/bgpdata/2026.07/UPDATES/updates.20260730.0800.bz2...
  [route-views6 updates 91/102] done: 157558 parsed, 0 prefix, 0 coll+pref, 0 admitted (0 ann, 0 wd) (2.4s)
warning: size differ for http://archive.routeviews.org/route-views6/bgpdata/2026.07/UPDATES/updates.20260730.0815.bz2: expected 1258291, got 1301564 (continuing)
  [route-views6 updates 92/102] parsing http://archive.routeviews.org/route-views6/bgpdata/2026.07/UPDATES/updates.20260730.0815.bz2...
  [route-views6 updates 92/102] done: 159319 parsed, 0 prefix, 0 coll+pref, 0 admitted (0 ann, 0 wd) (2.5s)
warning: size differ for http://archive.routeviews.org/route-views6/bgpdata/2026.07/UPDATES/updates.20260730.0830.bz2: expected 1153433, got 1201679 (continuing)
  [route-views6 updates 93/102] parsing http://archive.routeviews.org/route-views6/bgpdata/2026.07/UPDATES/updates.20260730.0830.bz2...
  [route-views6 updates 93/102] done: 128977 parsed, 0 prefix, 0 coll+pref, 0 admitted (0 ann, 0 wd) (2.4s)
warning: size differ for http://archive.routeviews.org/route-views6/bgpdata/2026.07/UPDATES/updates.20260730.0845.bz2: expected 1363148, got 1415654 (continuing)
  [route-views6 updates 94/102] parsing http://archive.routeviews.org/route-views6/bgpdata/2026.07/UPDATES/updates.20260730.0845.bz2...
  [route-views6 updates 94/102] done: 164249 parsed, 0 prefix, 0 coll+pref, 0 admitted (0 ann, 0 wd) (2.7s)
warning: size differ for http://archive.routeviews.org/route-views6/bgpdata/2026.07/UPDATES/updates.20260730.0900.bz2: expected 1258291, got 1275789 (continuing)
  [route-views6 updates 95/102] parsing http://archive.routeviews.org/route-views6/bgpdata/2026.07/UPDATES/updates.20260730.0900.bz2...
  [route-views6 updates 95/102] done: 137833 parsed, 0 prefix, 0 coll+pref, 0 admitted (0 ann, 0 wd) (2.4s)
warning: size differ for http://archive.routeviews.org/route-views6/bgpdata/2026.07/UPDATES/updates.20260730.0915.bz2: expected 1258291, got 1249522 (continuing)
  [route-views6 updates 96/102] parsing http://archive.routeviews.org/route-views6/bgpdata/2026.07/UPDATES/updates.20260730.0915.bz2...
  [route-views6 updates 96/102] done: 137776 parsed, 0 prefix, 0 coll+pref, 0 admitted (0 ann, 0 wd) (2.3s)
warning: size differ for http://archive.routeviews.org/route-views6/bgpdata/2026.07/UPDATES/updates.20260730.0930.bz2: expected 1572864, got 1549301 (continuing)
  [route-views6 updates 97/102] parsing http://archive.routeviews.org/route-views6/bgpdata/2026.07/UPDATES/updates.20260730.0930.bz2...
  [route-views6 updates 97/102] done: 168771 parsed, 0 prefix, 0 coll+pref, 0 admitted (0 ann, 0 wd) (2.5s)
warning: size differ for http://archive.routeviews.org/route-views6/bgpdata/2026.07/UPDATES/updates.20260730.0945.bz2: expected 1258291, got 1255260 (continuing)
  [route-views6 updates 98/102] parsing http://archive.routeviews.org/route-views6/bgpdata/2026.07/UPDATES/updates.20260730.0945.bz2...
  [route-views6 updates 98/102] done: 149953 parsed, 0 prefix, 0 coll+pref, 0 admitted (0 ann, 0 wd) (2.9s)
warning: size differ for http://archive.routeviews.org/route-views6/bgpdata/2026.07/UPDATES/updates.20260730.1000.bz2: expected 1258291, got 1234989 (continuing)
  [route-views6 updates 99/102] parsing http://archive.routeviews.org/route-views6/bgpdata/2026.07/UPDATES/updates.20260730.1000.bz2...
  [route-views6 updates 99/102] done: 129626 parsed, 0 prefix, 0 coll+pref, 0 admitted (0 ann, 0 wd) (2.3s)
warning: size differ for http://archive.routeviews.org/route-views6/bgpdata/2026.07/UPDATES/updates.20260730.1015.bz2: expected 1153433, got 1170182 (continuing)
  [route-views6 updates 100/102] parsing http://archive.routeviews.org/route-views6/bgpdata/2026.07/UPDATES/updates.20260730.1015.bz2...
  [route-views6 updates 100/102] done: 125608 parsed, 0 prefix, 0 coll+pref, 0 admitted (0 ann, 0 wd) (2.1s)
warning: size differ for http://archive.routeviews.org/route-views6/bgpdata/2026.07/UPDATES/updates.20260730.1030.bz2: expected 1153433, got 1159681 (continuing)
  [route-views6 updates 101/102] parsing http://archive.routeviews.org/route-views6/bgpdata/2026.07/UPDATES/updates.20260730.1030.bz2...
  [route-views6 updates 101/102] done: 128925 parsed, 0 prefix, 0 coll+pref, 0 admitted (0 ann, 0 wd) (2.1s)
warning: size differ for http://archive.routeviews.org/route-views6/bgpdata/2026.07/UPDATES/updates.20260730.1045.bz2: expected 1782579, got 1749375 (continuing)
  [route-views6 updates 102/102] parsing http://archive.routeviews.org/route-views6/bgpdata/2026.07/UPDATES/updates.20260730.1045.bz2...
  [route-views6 updates 102/102] done: 204944 parsed, 0 prefix, 0 coll+pref, 0 admitted (0 ann, 0 wd) (3.0s)
  route-views2: querying UPDATE files...
  route-views2: 102 UPDATE files selected
warning: size differ for http://archive.routeviews.org/bgpdata/2026.07/UPDATES/updates.20260729.0930.bz2: expected 983040, got 983474 (continuing)
  [route-views2 updates 1/102] parsing http://archive.routeviews.org/bgpdata/2026.07/UPDATES/updates.20260729.0930.bz2...
  [route-views2 updates 1/102] done: 153532 parsed, 0 prefix, 0 coll+pref, 0 admitted (0 ann, 0 wd) (2.0s)
warning: size differ for http://archive.routeviews.org/bgpdata/2026.07/UPDATES/updates.20260729.0945.bz2: expected 1048576, got 1047510 (continuing)
  [route-views2 updates 2/102] parsing http://archive.routeviews.org/bgpdata/2026.07/UPDATES/updates.20260729.0945.bz2...
  [route-views2 updates 2/102] done: 150112 parsed, 0 prefix, 0 coll+pref, 0 admitted (0 ann, 0 wd) (2.0s)
warning: size differ for http://archive.routeviews.org/bgpdata/2026.07/UPDATES/updates.20260729.1000.bz2: expected 1363148, got 1345339 (continuing)
  [route-views2 updates 3/102] parsing http://archive.routeviews.org/bgpdata/2026.07/UPDATES/updates.20260729.1000.bz2...
  [route-views2 updates 3/102] done: 223591 parsed, 0 prefix, 0 coll+pref, 0 admitted (0 ann, 0 wd) (2.4s)
warning: size differ for http://archive.routeviews.org/bgpdata/2026.07/UPDATES/updates.20260729.1015.bz2: expected 1153433, got 1155156 (continuing)
  [route-views2 updates 4/102] parsing http://archive.routeviews.org/bgpdata/2026.07/UPDATES/updates.20260729.1015.bz2...
  [route-views2 updates 4/102] done: 205951 parsed, 0 prefix, 0 coll+pref, 0 admitted (0 ann, 0 wd) (2.1s)
warning: size differ for http://archive.routeviews.org/bgpdata/2026.07/UPDATES/updates.20260729.1030.bz2: expected 1048576, got 1089243 (continuing)
  [route-views2 updates 5/102] parsing http://archive.routeviews.org/bgpdata/2026.07/UPDATES/updates.20260729.1030.bz2...
  [route-views2 updates 5/102] done: 159649 parsed, 0 prefix, 0 coll+pref, 0 admitted (0 ann, 0 wd) (2.0s)
warning: size differ for http://archive.routeviews.org/bgpdata/2026.07/UPDATES/updates.20260729.1045.bz2: expected 1153433, got 1140227 (continuing)
  [route-views2 updates 6/102] parsing http://archive.routeviews.org/bgpdata/2026.07/UPDATES/updates.20260729.1045.bz2...
  [route-views2 updates 6/102] done: 165067 parsed, 0 prefix, 0 coll+pref, 0 admitted (0 ann, 0 wd) (2.1s)
warning: size differ for http://archive.routeviews.org/bgpdata/2026.07/UPDATES/updates.20260729.1100.bz2: expected 1048576, got 1042815 (continuing)
  [route-views2 updates 7/102] parsing http://archive.routeviews.org/bgpdata/2026.07/UPDATES/updates.20260729.1100.bz2...
  [route-views2 updates 7/102] done: 151530 parsed, 0 prefix, 0 coll+pref, 0 admitted (0 ann, 0 wd) (2.2s)
warning: size differ for http://archive.routeviews.org/bgpdata/2026.07/UPDATES/updates.20260729.1115.bz2: expected 1048576, got 1082348 (continuing)
  [route-views2 updates 8/102] parsing http://archive.routeviews.org/bgpdata/2026.07/UPDATES/updates.20260729.1115.bz2...
  [route-views2 updates 8/102] done: 176687 parsed, 0 prefix, 0 coll+pref, 0 admitted (0 ann, 0 wd) (2.3s)
warning: size differ for http://archive.routeviews.org/bgpdata/2026.07/UPDATES/updates.20260729.1130.bz2: expected 1048576, got 1080336 (continuing)
  [route-views2 updates 9/102] parsing http://archive.routeviews.org/bgpdata/2026.07/UPDATES/updates.20260729.1130.bz2...
  [route-views2 updates 9/102] done: 160336 parsed, 0 prefix, 0 coll+pref, 0 admitted (0 ann, 0 wd) (2.2s)
warning: size differ for http://archive.routeviews.org/bgpdata/2026.07/UPDATES/updates.20260729.1145.bz2: expected 1153433, got 1136992 (continuing)
  [route-views2 updates 10/102] parsing http://archive.routeviews.org/bgpdata/2026.07/UPDATES/updates.20260729.1145.bz2...
  [route-views2 updates 10/102] done: 189663 parsed, 0 prefix, 0 coll+pref, 0 admitted (0 ann, 0 wd) (2.4s)
warning: size differ for http://archive.routeviews.org/bgpdata/2026.07/UPDATES/updates.20260729.1200.bz2: expected 1258291, got 1238726 (continuing)
  [route-views2 updates 11/102] parsing http://archive.routeviews.org/bgpdata/2026.07/UPDATES/updates.20260729.1200.bz2...
  [route-views2 updates 11/102] done: 201060 parsed, 0 prefix, 0 coll+pref, 0 admitted (0 ann, 0 wd) (2.8s)
warning: size differ for http://archive.routeviews.org/bgpdata/2026.07/UPDATES/updates.20260729.1215.bz2: expected 1363148, got 1344923 (continuing)
  [route-views2 updates 12/102] parsing http://archive.routeviews.org/bgpdata/2026.07/UPDATES/updates.20260729.1215.bz2...
  [route-views2 updates 12/102] done: 229214 parsed, 0 prefix, 0 coll+pref, 0 admitted (0 ann, 0 wd) (2.5s)
warning: size differ for http://archive.routeviews.org/bgpdata/2026.07/UPDATES/updates.20260729.1230.bz2: expected 1153433, got 1120814 (continuing)
  [route-views2 updates 13/102] parsing http://archive.routeviews.org/bgpdata/2026.07/UPDATES/updates.20260729.1230.bz2...
  [route-views2 updates 13/102] done: 187525 parsed, 0 prefix, 0 coll+pref, 0 admitted (0 ann, 0 wd) (2.1s)
warning: size differ for http://archive.routeviews.org/bgpdata/2026.07/UPDATES/updates.20260729.1245.bz2: expected 3145728, got 3109886 (continuing)
  [route-views2 updates 14/102] parsing http://archive.routeviews.org/bgpdata/2026.07/UPDATES/updates.20260729.1245.bz2...
  [route-views2 updates 14/102] done: 573002 parsed, 0 prefix, 0 coll+pref, 0 admitted (0 ann, 0 wd) (3.9s)
warning: size differ for http://archive.routeviews.org/bgpdata/2026.07/UPDATES/updates.20260729.1300.bz2: expected 1677721, got 1710263 (continuing)
  [route-views2 updates 15/102] parsing http://archive.routeviews.org/bgpdata/2026.07/UPDATES/updates.20260729.1300.bz2...
  [route-views2 updates 15/102] done: 290112 parsed, 0 prefix, 0 coll+pref, 0 admitted (0 ann, 0 wd) (2.6s)
warning: size differ for http://archive.routeviews.org/bgpdata/2026.07/UPDATES/updates.20260729.1315.bz2: expected 1468006, got 1491812 (continuing)
  [route-views2 updates 16/102] parsing http://archive.routeviews.org/bgpdata/2026.07/UPDATES/updates.20260729.1315.bz2...
  [route-views2 updates 16/102] done: 299400 parsed, 0 prefix, 0 coll+pref, 0 admitted (0 ann, 0 wd) (2.8s)
warning: size differ for http://archive.routeviews.org/bgpdata/2026.07/UPDATES/updates.20260729.1330.bz2: expected 3565158, got 3610454 (continuing)
  [route-views2 updates 17/102] parsing http://archive.routeviews.org/bgpdata/2026.07/UPDATES/updates.20260729.1330.bz2...
  [route-views2 updates 17/102] done: 635422 parsed, 0 prefix, 0 coll+pref, 0 admitted (0 ann, 0 wd) (4.4s)
warning: size differ for http://archive.routeviews.org/bgpdata/2026.07/UPDATES/updates.20260729.1345.bz2: expected 1363148, got 1406728 (continuing)
  [route-views2 updates 18/102] parsing http://archive.routeviews.org/bgpdata/2026.07/UPDATES/updates.20260729.1345.bz2...
  [route-views2 updates 18/102] done: 234760 parsed, 0 prefix, 0 coll+pref, 0 admitted (0 ann, 0 wd) (2.3s)
warning: size differ for http://archive.routeviews.org/bgpdata/2026.07/UPDATES/updates.20260729.1400.bz2: expected 1258291, got 1297378 (continuing)
  [route-views2 updates 19/102] parsing http://archive.routeviews.org/bgpdata/2026.07/UPDATES/updates.20260729.1400.bz2...
  [route-views2 updates 19/102] done: 230480 parsed, 0 prefix, 0 coll+pref, 0 admitted (0 ann, 0 wd) (2.2s)
warning: size differ for http://archive.routeviews.org/bgpdata/2026.07/UPDATES/updates.20260729.1415.bz2: expected 1782579, got 1753417 (continuing)
  [route-views2 updates 20/102] parsing http://archive.routeviews.org/bgpdata/2026.07/UPDATES/updates.20260729.1415.bz2...
  [route-views2 updates 20/102] done: 283367 parsed, 0 prefix, 0 coll+pref, 0 admitted (0 ann, 0 wd) (2.8s)
warning: size differ for http://archive.routeviews.org/bgpdata/2026.07/UPDATES/updates.20260729.1430.bz2: expected 1468006, got 1432635 (continuing)
  [route-views2 updates 21/102] parsing http://archive.routeviews.org/bgpdata/2026.07/UPDATES/updates.20260729.1430.bz2...
  [route-views2 updates 21/102] done: 239867 parsed, 0 prefix, 0 coll+pref, 0 admitted (0 ann, 0 wd) (2.5s)
warning: size differ for http://archive.routeviews.org/bgpdata/2026.07/UPDATES/updates.20260729.1445.bz2: expected 1258291, got 1215360 (continuing)
  [route-views2 updates 22/102] parsing http://archive.routeviews.org/bgpdata/2026.07/UPDATES/updates.20260729.1445.bz2...
  [route-views2 updates 22/102] done: 194927 parsed, 0 prefix, 0 coll+pref, 0 admitted (0 ann, 0 wd) (2.5s)
warning: size differ for http://archive.routeviews.org/bgpdata/2026.07/UPDATES/updates.20260729.1500.bz2: expected 1258291, got 1309898 (continuing)
  [route-views2 updates 23/102] parsing http://archive.routeviews.org/bgpdata/2026.07/UPDATES/updates.20260729.1500.bz2...
  [route-views2 updates 23/102] done: 255990 parsed, 0 prefix, 0 coll+pref, 0 admitted (0 ann, 0 wd) (2.8s)
warning: size differ for http://archive.routeviews.org/bgpdata/2026.07/UPDATES/updates.20260729.1515.bz2: expected 1468006, got 1508165 (continuing)
  [route-views2 updates 24/102] parsing http://archive.routeviews.org/bgpdata/2026.07/UPDATES/updates.20260729.1515.bz2...
  [route-views2 updates 24/102] done: 255086 parsed, 0 prefix, 0 coll+pref, 0 admitted (0 ann, 0 wd) (2.8s)
warning: size differ for http://archive.routeviews.org/bgpdata/2026.07/UPDATES/updates.20260729.1530.bz2: expected 3984588, got 3958973 (continuing)
  [route-views2 updates 25/102] parsing http://archive.routeviews.org/bgpdata/2026.07/UPDATES/updates.20260729.1530.bz2...
  [route-views2 updates 25/102] done: 559765 parsed, 12 prefix, 12 coll+pref, 0 admitted (0 ann, 0 wd) (5.7s)
warning: size differ for http://archive.routeviews.org/bgpdata/2026.07/UPDATES/updates.20260729.1545.bz2: expected 923648, got 923234 (continuing)
  [route-views2 updates 26/102] parsing http://archive.routeviews.org/bgpdata/2026.07/UPDATES/updates.20260729.1545.bz2...
  [route-views2 updates 26/102] done: 145112 parsed, 0 prefix, 0 coll+pref, 0 admitted (0 ann, 0 wd) (1.8s)
warning: size differ for http://archive.routeviews.org/bgpdata/2026.07/UPDATES/updates.20260729.1600.bz2: expected 1363148, got 1362800 (continuing)
  [route-views2 updates 27/102] parsing http://archive.routeviews.org/bgpdata/2026.07/UPDATES/updates.20260729.1600.bz2...
  [route-views2 updates 27/102] done: 206609 parsed, 0 prefix, 0 coll+pref, 0 admitted (0 ann, 0 wd) (2.2s)
warning: size differ for http://archive.routeviews.org/bgpdata/2026.07/UPDATES/updates.20260729.1615.bz2: expected 1572864, got 1543493 (continuing)
  [route-views2 updates 28/102] parsing http://archive.routeviews.org/bgpdata/2026.07/UPDATES/updates.20260729.1615.bz2...
  [route-views2 updates 28/102] done: 257278 parsed, 0 prefix, 0 coll+pref, 0 admitted (0 ann, 0 wd) (2.2s)
warning: size differ for http://archive.routeviews.org/bgpdata/2026.07/UPDATES/updates.20260729.1630.bz2: expected 1572864, got 1611901 (continuing)
  [route-views2 updates 29/102] parsing http://archive.routeviews.org/bgpdata/2026.07/UPDATES/updates.20260729.1630.bz2...
  [route-views2 updates 29/102] done: 280812 parsed, 0 prefix, 0 coll+pref, 0 admitted (0 ann, 0 wd) (2.5s)
warning: size differ for http://archive.routeviews.org/bgpdata/2026.07/UPDATES/updates.20260729.1645.bz2: expected 1153433, got 1157577 (continuing)
  [route-views2 updates 30/102] parsing http://archive.routeviews.org/bgpdata/2026.07/UPDATES/updates.20260729.1645.bz2...
  [route-views2 updates 30/102] done: 188278 parsed, 0 prefix, 0 coll+pref, 0 admitted (0 ann, 0 wd) (2.2s)
warning: size differ for http://archive.routeviews.org/bgpdata/2026.07/UPDATES/updates.20260729.1700.bz2: expected 1258291, got 1256228 (continuing)
  [route-views2 updates 31/102] parsing http://archive.routeviews.org/bgpdata/2026.07/UPDATES/updates.20260729.1700.bz2...
  [route-views2 updates 31/102] done: 200271 parsed, 0 prefix, 0 coll+pref, 0 admitted (0 ann, 0 wd) (2.0s)
warning: size differ for http://archive.routeviews.org/bgpdata/2026.07/UPDATES/updates.20260729.1715.bz2: expected 1572864, got 1560302 (continuing)
  [route-views2 updates 32/102] parsing http://archive.routeviews.org/bgpdata/2026.07/UPDATES/updates.20260729.1715.bz2...
  [route-views2 updates 32/102] done: 255885 parsed, 0 prefix, 0 coll+pref, 0 admitted (0 ann, 0 wd) (2.3s)
warning: size differ for http://archive.routeviews.org/bgpdata/2026.07/UPDATES/updates.20260729.1730.bz2: expected 1572864, got 1583033 (continuing)
  [route-views2 updates 33/102] parsing http://archive.routeviews.org/bgpdata/2026.07/UPDATES/updates.20260729.1730.bz2...
  [route-views2 updates 33/102] done: 238941 parsed, 0 prefix, 0 coll+pref, 0 admitted (0 ann, 0 wd) (2.4s)
warning: size differ for http://archive.routeviews.org/bgpdata/2026.07/UPDATES/updates.20260729.1745.bz2: expected 2936012, got 2907109 (continuing)
  [route-views2 updates 34/102] parsing http://archive.routeviews.org/bgpdata/2026.07/UPDATES/updates.20260729.1745.bz2...
  [route-views2 updates 34/102] done: 381035 parsed, 0 prefix, 0 coll+pref, 0 admitted (0 ann, 0 wd) (3.8s)
warning: size differ for http://archive.routeviews.org/bgpdata/2026.07/UPDATES/updates.20260729.1800.bz2: expected 1048576, got 1029423 (continuing)
  [route-views2 updates 35/102] parsing http://archive.routeviews.org/bgpdata/2026.07/UPDATES/updates.20260729.1800.bz2...
  [route-views2 updates 35/102] done: 176199 parsed, 0 prefix, 0 coll+pref, 0 admitted (0 ann, 0 wd) (2.0s)
warning: size differ for http://archive.routeviews.org/bgpdata/2026.07/UPDATES/updates.20260729.1815.bz2: expected 1258291, got 1223718 (continuing)
  [route-views2 updates 36/102] parsing http://archive.routeviews.org/bgpdata/2026.07/UPDATES/updates.20260729.1815.bz2...
  [route-views2 updates 36/102] done: 197739 parsed, 0 prefix, 0 coll+pref, 0 admitted (0 ann, 0 wd) (2.4s)
warning: size differ for http://archive.routeviews.org/bgpdata/2026.07/UPDATES/updates.20260729.1830.bz2: expected 1048576, got 1042534 (continuing)
  [route-views2 updates 37/102] parsing http://archive.routeviews.org/bgpdata/2026.07/UPDATES/updates.20260729.1830.bz2...
  [route-views2 updates 37/102] done: 193172 parsed, 0 prefix, 0 coll+pref, 0 admitted (0 ann, 0 wd) (2.4s)
warning: size differ for http://archive.routeviews.org/bgpdata/2026.07/UPDATES/updates.20260729.1845.bz2: expected 970752, got 970751 (continuing)
  [route-views2 updates 38/102] parsing http://archive.routeviews.org/bgpdata/2026.07/UPDATES/updates.20260729.1845.bz2...
  [route-views2 updates 38/102] done: 175483 parsed, 0 prefix, 0 coll+pref, 0 admitted (0 ann, 0 wd) (1.9s)
warning: size differ for http://archive.routeviews.org/bgpdata/2026.07/UPDATES/updates.20260729.1900.bz2: expected 1153433, got 1136945 (continuing)
  [route-views2 updates 39/102] parsing http://archive.routeviews.org/bgpdata/2026.07/UPDATES/updates.20260729.1900.bz2...
  [route-views2 updates 39/102] done: 213885 parsed, 0 prefix, 0 coll+pref, 0 admitted (0 ann, 0 wd) (2.2s)
warning: size differ for http://archive.routeviews.org/bgpdata/2026.07/UPDATES/updates.20260729.1915.bz2: expected 1468006, got 1496161 (continuing)
  [route-views2 updates 40/102] parsing http://archive.routeviews.org/bgpdata/2026.07/UPDATES/updates.20260729.1915.bz2...
  [route-views2 updates 40/102] done: 231384 parsed, 0 prefix, 0 coll+pref, 0 admitted (0 ann, 0 wd) (2.5s)
warning: size differ for http://archive.routeviews.org/bgpdata/2026.07/UPDATES/updates.20260729.1930.bz2: expected 1153433, got 1187257 (continuing)
  [route-views2 updates 41/102] parsing http://archive.routeviews.org/bgpdata/2026.07/UPDATES/updates.20260729.1930.bz2...
  [route-views2 updates 41/102] done: 177672 parsed, 0 prefix, 0 coll+pref, 0 admitted (0 ann, 0 wd) (2.2s)
warning: size differ for http://archive.routeviews.org/bgpdata/2026.07/UPDATES/updates.20260729.1945.bz2: expected 888832, got 888436 (continuing)
  [route-views2 updates 42/102] parsing http://archive.routeviews.org/bgpdata/2026.07/UPDATES/updates.20260729.1945.bz2...
  [route-views2 updates 42/102] done: 132007 parsed, 0 prefix, 0 coll+pref, 0 admitted (0 ann, 0 wd) (1.9s)
warning: size differ for http://archive.routeviews.org/bgpdata/2026.07/UPDATES/updates.20260729.2000.bz2: expected 1153433, got 1162592 (continuing)
  [route-views2 updates 43/102] parsing http://archive.routeviews.org/bgpdata/2026.07/UPDATES/updates.20260729.2000.bz2...
  [route-views2 updates 43/102] done: 189309 parsed, 0 prefix, 0 coll+pref, 0 admitted (0 ann, 0 wd) (2.1s)
warning: size differ for http://archive.routeviews.org/bgpdata/2026.07/UPDATES/updates.20260729.2015.bz2: expected 3984588, got 3950709 (continuing)
  [route-views2 updates 44/102] parsing http://archive.routeviews.org/bgpdata/2026.07/UPDATES/updates.20260729.2015.bz2...
  [route-views2 updates 44/102] done: 531276 parsed, 12 prefix, 12 coll+pref, 0 admitted (0 ann, 0 wd) (4.9s)
warning: size differ for http://archive.routeviews.org/bgpdata/2026.07/UPDATES/updates.20260729.2030.bz2: expected 1153433, got 1124668 (continuing)
  [route-views2 updates 45/102] parsing http://archive.routeviews.org/bgpdata/2026.07/UPDATES/updates.20260729.2030.bz2...
  [route-views2 updates 45/102] done: 169036 parsed, 0 prefix, 0 coll+pref, 0 admitted (0 ann, 0 wd) (2.2s)
warning: size differ for http://archive.routeviews.org/bgpdata/2026.07/UPDATES/updates.20260729.2045.bz2: expected 1992294, got 1979303 (continuing)
  [route-views2 updates 46/102] parsing http://archive.routeviews.org/bgpdata/2026.07/UPDATES/updates.20260729.2045.bz2...
  [route-views2 updates 46/102] done: 364761 parsed, 0 prefix, 0 coll+pref, 0 admitted (0 ann, 0 wd) (2.9s)
warning: size differ for http://archive.routeviews.org/bgpdata/2026.07/UPDATES/updates.20260729.2100.bz2: expected 1782579, got 1812701 (continuing)
  [route-views2 updates 47/102] parsing http://archive.routeviews.org/bgpdata/2026.07/UPDATES/updates.20260729.2100.bz2...
  [route-views2 updates 47/102] done: 289285 parsed, 0 prefix, 0 coll+pref, 0 admitted (0 ann, 0 wd) (3.0s)
warning: size differ for http://archive.routeviews.org/bgpdata/2026.07/UPDATES/updates.20260729.2115.bz2: expected 1048576, got 1058925 (continuing)
  [route-views2 updates 48/102] parsing http://archive.routeviews.org/bgpdata/2026.07/UPDATES/updates.20260729.2115.bz2...
  [route-views2 updates 48/102] done: 178308 parsed, 0 prefix, 0 coll+pref, 0 admitted (0 ann, 0 wd) (2.0s)
warning: size differ for http://archive.routeviews.org/bgpdata/2026.07/UPDATES/updates.20260729.2130.bz2: expected 1153433, got 1144454 (continuing)
  [route-views2 updates 49/102] parsing http://archive.routeviews.org/bgpdata/2026.07/UPDATES/updates.20260729.2130.bz2...
  [route-views2 updates 49/102] done: 198373 parsed, 0 prefix, 0 coll+pref, 0 admitted (0 ann, 0 wd) (2.0s)
warning: size differ for http://archive.routeviews.org/bgpdata/2026.07/UPDATES/updates.20260729.2145.bz2: expected 1153433, got 1170390 (continuing)
  [route-views2 updates 50/102] parsing http://archive.routeviews.org/bgpdata/2026.07/UPDATES/updates.20260729.2145.bz2...
  [route-views2 updates 50/102] done: 178540 parsed, 0 prefix, 0 coll+pref, 0 admitted (0 ann, 0 wd) (2.1s)
warning: size differ for http://archive.routeviews.org/bgpdata/2026.07/UPDATES/updates.20260729.2200.bz2: expected 1468006, got 1427743 (continuing)
  [route-views2 updates 51/102] parsing http://archive.routeviews.org/bgpdata/2026.07/UPDATES/updates.20260729.2200.bz2...
  [route-views2 updates 51/102] done: 264537 parsed, 0 prefix, 0 coll+pref, 0 admitted (0 ann, 0 wd) (2.4s)
warning: size differ for http://archive.routeviews.org/bgpdata/2026.07/UPDATES/updates.20260729.2215.bz2: expected 1258291, got 1208966 (continuing)
  [route-views2 updates 52/102] parsing http://archive.routeviews.org/bgpdata/2026.07/UPDATES/updates.20260729.2215.bz2...
  [route-views2 updates 52/102] done: 211405 parsed, 0 prefix, 0 coll+pref, 0 admitted (0 ann, 0 wd) (2.4s)
warning: size differ for http://archive.routeviews.org/bgpdata/2026.07/UPDATES/updates.20260729.2230.bz2: expected 1153433, got 1123717 (continuing)
  [route-views2 updates 53/102] parsing http://archive.routeviews.org/bgpdata/2026.07/UPDATES/updates.20260729.2230.bz2...
  [route-views2 updates 53/102] done: 205381 parsed, 0 prefix, 0 coll+pref, 0 admitted (0 ann, 0 wd) (2.2s)
warning: size differ for http://archive.routeviews.org/bgpdata/2026.07/UPDATES/updates.20260729.2245.bz2: expected 933888, got 933803 (continuing)
  [route-views2 updates 54/102] parsing http://archive.routeviews.org/bgpdata/2026.07/UPDATES/updates.20260729.2245.bz2...
  [route-views2 updates 54/102] done: 141572 parsed, 0 prefix, 0 coll+pref, 0 admitted (0 ann, 0 wd) (1.8s)
warning: size differ for http://archive.routeviews.org/bgpdata/2026.07/UPDATES/updates.20260729.2300.bz2: expected 1258291, got 1220012 (continuing)
  [route-views2 updates 55/102] parsing http://archive.routeviews.org/bgpdata/2026.07/UPDATES/updates.20260729.2300.bz2...
  [route-views2 updates 55/102] done: 194487 parsed, 0 prefix, 0 coll+pref, 0 admitted (0 ann, 0 wd) (2.1s)
warning: size differ for http://archive.routeviews.org/bgpdata/2026.07/UPDATES/updates.20260729.2315.bz2: expected 1048576, got 1010629 (continuing)
  [route-views2 updates 56/102] parsing http://archive.routeviews.org/bgpdata/2026.07/UPDATES/updates.20260729.2315.bz2...
  [route-views2 updates 56/102] done: 149122 parsed, 0 prefix, 0 coll+pref, 0 admitted (0 ann, 0 wd) (2.0s)
warning: size differ for http://archive.routeviews.org/bgpdata/2026.07/UPDATES/updates.20260729.2330.bz2: expected 1468006, got 1466670 (continuing)
  [route-views2 updates 57/102] parsing http://archive.routeviews.org/bgpdata/2026.07/UPDATES/updates.20260729.2330.bz2...
  [route-views2 updates 57/102] done: 227559 parsed, 0 prefix, 0 coll+pref, 0 admitted (0 ann, 0 wd) (2.6s)
warning: size differ for http://archive.routeviews.org/bgpdata/2026.07/UPDATES/updates.20260729.2345.bz2: expected 792576, got 792593 (continuing)
  [route-views2 updates 58/102] parsing http://archive.routeviews.org/bgpdata/2026.07/UPDATES/updates.20260729.2345.bz2...
  [route-views2 updates 58/102] done: 143273 parsed, 0 prefix, 0 coll+pref, 0 admitted (0 ann, 0 wd) (2.1s)
warning: size differ for http://archive.routeviews.org/bgpdata/2026.07/UPDATES/updates.20260730.0000.bz2: expected 1048576, got 1004017 (continuing)
  [route-views2 updates 59/102] parsing http://archive.routeviews.org/bgpdata/2026.07/UPDATES/updates.20260730.0000.bz2...
  [route-views2 updates 59/102] done: 161514 parsed, 0 prefix, 0 coll+pref, 0 admitted (0 ann, 0 wd) (1.9s)
warning: size differ for http://archive.routeviews.org/bgpdata/2026.07/UPDATES/updates.20260730.0015.bz2: expected 744448, got 744832 (continuing)
  [route-views2 updates 60/102] parsing http://archive.routeviews.org/bgpdata/2026.07/UPDATES/updates.20260730.0015.bz2...
  [route-views2 updates 60/102] done: 111003 parsed, 0 prefix, 0 coll+pref, 0 admitted (0 ann, 0 wd) (1.5s)
warning: size differ for http://archive.routeviews.org/bgpdata/2026.07/UPDATES/updates.20260730.0030.bz2: expected 893952, got 893559 (continuing)
  [route-views2 updates 61/102] parsing http://archive.routeviews.org/bgpdata/2026.07/UPDATES/updates.20260730.0030.bz2...
  [route-views2 updates 61/102] done: 150426 parsed, 0 prefix, 0 coll+pref, 0 admitted (0 ann, 0 wd) (1.7s)
warning: size differ for http://archive.routeviews.org/bgpdata/2026.07/UPDATES/updates.20260730.0045.bz2: expected 719872, got 719540 (continuing)
  [route-views2 updates 62/102] parsing http://archive.routeviews.org/bgpdata/2026.07/UPDATES/updates.20260730.0045.bz2...
  [route-views2 updates 62/102] done: 101429 parsed, 0 prefix, 0 coll+pref, 0 admitted (0 ann, 0 wd) (1.7s)
warning: size differ for http://archive.routeviews.org/bgpdata/2026.07/UPDATES/updates.20260730.0100.bz2: expected 842752, got 843118 (continuing)
  [route-views2 updates 63/102] parsing http://archive.routeviews.org/bgpdata/2026.07/UPDATES/updates.20260730.0100.bz2...
  [route-views2 updates 63/102] done: 122962 parsed, 0 prefix, 0 coll+pref, 0 admitted (0 ann, 0 wd) (1.6s)
warning: size differ for http://archive.routeviews.org/bgpdata/2026.07/UPDATES/updates.20260730.0115.bz2: expected 879616, got 879768 (continuing)
  [route-views2 updates 64/102] parsing http://archive.routeviews.org/bgpdata/2026.07/UPDATES/updates.20260730.0115.bz2...
  [route-views2 updates 64/102] done: 157474 parsed, 0 prefix, 0 coll+pref, 0 admitted (0 ann, 0 wd) (1.7s)
warning: size differ for http://archive.routeviews.org/bgpdata/2026.07/UPDATES/updates.20260730.0130.bz2: expected 726016, got 725705 (continuing)
  [route-views2 updates 65/102] parsing http://archive.routeviews.org/bgpdata/2026.07/UPDATES/updates.20260730.0130.bz2...
  [route-views2 updates 65/102] done: 97751 parsed, 0 prefix, 0 coll+pref, 0 admitted (0 ann, 0 wd) (1.6s)
warning: size differ for http://archive.routeviews.org/bgpdata/2026.07/UPDATES/updates.20260730.0145.bz2: expected 736256, got 736315 (continuing)
  [route-views2 updates 66/102] parsing http://archive.routeviews.org/bgpdata/2026.07/UPDATES/updates.20260730.0145.bz2...
  [route-views2 updates 66/102] done: 102527 parsed, 0 prefix, 0 coll+pref, 0 admitted (0 ann, 0 wd) (1.5s)
warning: size differ for http://archive.routeviews.org/bgpdata/2026.07/UPDATES/updates.20260730.0200.bz2: expected 932864, got 932851 (continuing)
  [route-views2 updates 67/102] parsing http://archive.routeviews.org/bgpdata/2026.07/UPDATES/updates.20260730.0200.bz2...
  [route-views2 updates 67/102] done: 145207 parsed, 0 prefix, 0 coll+pref, 0 admitted (0 ann, 0 wd) (1.8s)
warning: size differ for http://archive.routeviews.org/bgpdata/2026.07/UPDATES/updates.20260730.0215.bz2: expected 1153433, got 1180691 (continuing)
  [route-views2 updates 68/102] parsing http://archive.routeviews.org/bgpdata/2026.07/UPDATES/updates.20260730.0215.bz2...
  [route-views2 updates 68/102] done: 200051 parsed, 0 prefix, 0 coll+pref, 0 admitted (0 ann, 0 wd) (2.2s)
warning: size differ for http://archive.routeviews.org/bgpdata/2026.07/UPDATES/updates.20260730.0230.bz2: expected 1363148, got 1315940 (continuing)
  [route-views2 updates 69/102] parsing http://archive.routeviews.org/bgpdata/2026.07/UPDATES/updates.20260730.0230.bz2...
  [route-views2 updates 69/102] done: 190146 parsed, 0 prefix, 0 coll+pref, 0 admitted (0 ann, 0 wd) (2.3s)
warning: size differ for http://archive.routeviews.org/bgpdata/2026.07/UPDATES/updates.20260730.0245.bz2: expected 826368, got 826632 (continuing)
  [route-views2 updates 70/102] parsing http://archive.routeviews.org/bgpdata/2026.07/UPDATES/updates.20260730.0245.bz2...
  [route-views2 updates 70/102] done: 128168 parsed, 0 prefix, 0 coll+pref, 0 admitted (0 ann, 0 wd) (1.6s)
warning: size differ for http://archive.routeviews.org/bgpdata/2026.07/UPDATES/updates.20260730.0300.bz2: expected 933888, got 934349 (continuing)
  [route-views2 updates 71/102] parsing http://archive.routeviews.org/bgpdata/2026.07/UPDATES/updates.20260730.0300.bz2...
  [route-views2 updates 71/102] done: 130399 parsed, 0 prefix, 0 coll+pref, 0 admitted (0 ann, 0 wd) (2.0s)
warning: size differ for http://archive.routeviews.org/bgpdata/2026.07/UPDATES/updates.20260730.0315.bz2: expected 905216, got 905361 (continuing)
  [route-views2 updates 72/102] parsing http://archive.routeviews.org/bgpdata/2026.07/UPDATES/updates.20260730.0315.bz2...
  [route-views2 updates 72/102] done: 129949 parsed, 0 prefix, 0 coll+pref, 0 admitted (0 ann, 0 wd) (1.9s)
warning: size differ for http://archive.routeviews.org/bgpdata/2026.07/UPDATES/updates.20260730.0330.bz2: expected 881664, got 881721 (continuing)
  [route-views2 updates 73/102] parsing http://archive.routeviews.org/bgpdata/2026.07/UPDATES/updates.20260730.0330.bz2...
  [route-views2 updates 73/102] done: 131626 parsed, 0 prefix, 0 coll+pref, 0 admitted (0 ann, 0 wd) (1.7s)
warning: size differ for http://archive.routeviews.org/bgpdata/2026.07/UPDATES/updates.20260730.0345.bz2: expected 801792, got 801468 (continuing)
  [route-views2 updates 74/102] parsing http://archive.routeviews.org/bgpdata/2026.07/UPDATES/updates.20260730.0345.bz2...
  [route-views2 updates 74/102] done: 117369 parsed, 0 prefix, 0 coll+pref, 0 admitted (0 ann, 0 wd) (1.6s)
warning: size differ for http://archive.routeviews.org/bgpdata/2026.07/UPDATES/updates.20260730.0400.bz2: expected 909312, got 909606 (continuing)
  [route-views2 updates 75/102] parsing http://archive.routeviews.org/bgpdata/2026.07/UPDATES/updates.20260730.0400.bz2...
  [route-views2 updates 75/102] done: 131920 parsed, 0 prefix, 0 coll+pref, 0 admitted (0 ann, 0 wd) (1.9s)
warning: size differ for http://archive.routeviews.org/bgpdata/2026.07/UPDATES/updates.20260730.0415.bz2: expected 1048576, got 1068541 (continuing)
  [route-views2 updates 76/102] parsing http://archive.routeviews.org/bgpdata/2026.07/UPDATES/updates.20260730.0415.bz2...
